../Core/Src/main.c:139:6:button_shortpressing_callback_500ms	16	static
../Core/Src/main.c:147:6:button_longpressing_callback_500ms	16	static
../Core/Src/main.c:154:6:HAL_CAN_RxFifo1MsgPendingCallback	16	static
../Core/Src/main.c:168:9:GetFrameType	24	static
../Core/Src/main.c:197:9:SF_N_PCI_FrameTypeHandle	16	static
../Core/Src/main.c:202:6:ReadRequest_handle	8	static
../Core/Src/main.c:216:6:ReadFirstFrame_handle	4	static
../Core/Src/main.c:221:6:ReadSingleFrame_handle	8	static
../Core/Src/main.c:231:6:ConscutiveFrameRead_handle	4	static
../Core/Src/main.c:241:5:main	48	static
../Core/Src/main.c:504:6:SystemClock_Config	72	static
../Core/Src/main.c:544:13:MX_CAN_Init	8	static
../Core/Src/main.c:581:13:MX_TIM4_Init	32	static
../Core/Src/main.c:626:13:MX_USART1_UART_Init	8	static
../Core/Src/main.c:659:13:MX_GPIO_Init	40	static
../Core/Src/main.c:691:6:HAL_TIM_PeriodElapsedCallback	16	static
../Core/Src/main.c:708:6:Error_Handler	4	static,ignoring_inline_asm
