../Core/Src/main.c:154:9:GetSecurityLevel	24	static
../Core/Src/main.c:170:10:GetDID	24	static
../Core/Src/main.c:176:9:GetCANFrameSize	24	static
../Core/Src/main.c:188:9:Check_ReadRq_Validation	32	static
../Core/Src/main.c:226:9:GetFrameType	24	static
../Core/Src/main.c:254:9:GetDataLength	24	static
../Core/Src/main.c:302:9:SF_N_PCI_FrameTypeHandle	16	static
../Core/Src/main.c:306:9:SF_N_PCI_DataLenngthHandle	16	static
../Core/Src/main.c:310:6:HAL_CAN_RxFifo1MsgPendingCallback	16	static
../Core/Src/main.c:323:6:ReadRequest_handle	16	static
../Core/Src/main.c:381:5:main	48	static
../Core/Src/main.c:607:6:SystemClock_Config	72	static
../Core/Src/main.c:647:13:MX_CAN_Init	8	static
../Core/Src/main.c:684:13:MX_USART1_UART_Init	8	static
../Core/Src/main.c:717:13:MX_GPIO_Init	16	static
../Core/Src/main.c:737:6:Error_Handler	4	static,ignoring_inline_asm
