../Core/Src/main.c:106:6:HAL_CAN_RxFifo1MsgPendingCallback	16	static
../Core/Src/main.c:120:9:GetFrameType	24	static
../Core/Src/main.c:149:9:SF_N_PCI_FrameTypeHandle	16	static
../Core/Src/main.c:154:6:ReadRequest_handle	8	static
../Core/Src/main.c:168:6:ReadFirstFrame_handle	4	static
../Core/Src/main.c:173:6:ReadSingleFrame_handle	8	static
../Core/Src/main.c:183:6:ConscutiveFrameRead_handle	4	static
../Core/Src/main.c:193:5:main	48	static
../Core/Src/main.c:308:6:SystemClock_Config	72	static
../Core/Src/main.c:348:13:MX_CAN_Init	8	static
../Core/Src/main.c:385:13:MX_TIM4_Init	32	static
../Core/Src/main.c:430:13:MX_USART1_UART_Init	8	static
../Core/Src/main.c:463:13:MX_GPIO_Init	40	static
../Core/Src/main.c:492:6:Error_Handler	4	static,ignoring_inline_asm
