../Core/Src/main.c:174:6:button_longpressing_callback_500ms	16	static
../Core/Src/main.c:181:6:HAL_CAN_RxFifo1MsgPendingCallback	16	static
../Core/Src/main.c:194:9:GetFrameType	24	static
../Core/Src/main.c:223:9:SF_N_PCI_FrameTypeHandle	16	static
../Core/Src/main.c:229:6:ReadSingleFrame_handle	8	static
../Core/Src/main.c:246:5:main	48	static
../Core/Src/main.c:635:6:SystemClock_Config	72	static
../Core/Src/main.c:675:13:MX_CAN_Init	8	static
../Core/Src/main.c:712:13:MX_TIM4_Init	32	static
../Core/Src/main.c:757:13:MX_USART1_UART_Init	8	static
../Core/Src/main.c:790:13:MX_GPIO_Init	40	static
../Core/Src/main.c:822:6:HAL_TIM_PeriodElapsedCallback	16	static
../Core/Src/main.c:848:6:Error_Handler	4	static,ignoring_inline_asm
