../Core/Src/main.c:113:10:GetDID	24	static
../Core/Src/main.c:120:9:GetCANFrameSize	24	static
../Core/Src/main.c:133:9:Check_ReadRq_Validation	32	static
../Core/Src/main.c:180:9:GetFrameType	24	static
../Core/Src/main.c:209:9:GetDataLength	24	static
../Core/Src/main.c:258:9:SF_N_PCI_FrameTypeHandle	16	static
../Core/Src/main.c:263:9:SF_N_PCI_DataLenngthHandle	16	static
../Core/Src/main.c:268:6:HAL_CAN_RxFifo1MsgPendingCallback	16	static
../Core/Src/main.c:286:5:main	56	static
../Core/Src/main.c:447:6:SystemClock_Config	72	static
../Core/Src/main.c:487:13:MX_CAN_Init	8	static
../Core/Src/main.c:524:13:MX_USART1_UART_Init	8	static
../Core/Src/main.c:557:13:MX_GPIO_Init	40	static
../Core/Src/main.c:590:6:Error_Handler	4	static,ignoring_inline_asm
