../Core/Src/main.c:170:6:button_shortpressing_callback_500ms	16	static
../Core/Src/main.c:178:6:button_longpressing_callback_500ms	16	static
../Core/Src/main.c:185:6:HAL_CAN_RxFifo1MsgPendingCallback	16	static
../Core/Src/main.c:198:9:GetFrameType	24	static
../Core/Src/main.c:227:9:SF_N_PCI_FrameTypeHandle	16	static
../Core/Src/main.c:232:6:ReadRequest_handle	8	static
../Core/Src/main.c:246:6:ReadFirstFrame_handle	4	static
../Core/Src/main.c:251:6:ReadSingleFrame_handle	8	static
../Core/Src/main.c:261:6:ConscutiveFrameRead_handle	4	static
../Core/Src/main.c:271:5:main	48	static
../Core/Src/main.c:663:6:SystemClock_Config	72	static
../Core/Src/main.c:703:13:MX_CAN_Init	8	static
../Core/Src/main.c:740:13:MX_TIM4_Init	32	static
../Core/Src/main.c:785:13:MX_USART1_UART_Init	8	static
../Core/Src/main.c:818:13:MX_GPIO_Init	40	static
../Core/Src/main.c:850:6:HAL_TIM_PeriodElapsedCallback	16	static
../Core/Src/main.c:875:6:Error_Handler	4	static,ignoring_inline_asm
