../Core/Src/main.c:168:6:button_shortpressing_callback_500ms	16	static
../Core/Src/main.c:176:6:button_longpressing_callback_500ms	16	static
../Core/Src/main.c:183:6:HAL_CAN_RxFifo1MsgPendingCallback	16	static
../Core/Src/main.c:196:9:GetFrameType	24	static
../Core/Src/main.c:225:9:SF_N_PCI_FrameTypeHandle	16	static
../Core/Src/main.c:230:6:ReadRequest_handle	8	static
../Core/Src/main.c:244:6:ReadSingleFrame_handle	8	static
../Core/Src/main.c:261:5:main	48	static
../Core/Src/main.c:634:6:SystemClock_Config	72	static
../Core/Src/main.c:674:13:MX_CAN_Init	8	static
../Core/Src/main.c:711:13:MX_TIM4_Init	32	static
../Core/Src/main.c:756:13:MX_USART1_UART_Init	8	static
../Core/Src/main.c:789:13:MX_GPIO_Init	40	static
../Core/Src/main.c:821:6:HAL_TIM_PeriodElapsedCallback	16	static
../Core/Src/main.c:846:6:Error_Handler	4	static,ignoring_inline_asm
