../Core/Src/main.c:192:9:GetSecurityLevel	24	static
../Core/Src/main.c:208:10:GetDID	24	static
../Core/Src/main.c:214:9:GetCANFrameSize	24	static
../Core/Src/main.c:226:9:Check_ReadRq_Validation	32	static
../Core/Src/main.c:264:9:GetFrameType	24	static
../Core/Src/main.c:292:9:GetDataLength	24	static
../Core/Src/main.c:340:9:SF_N_PCI_FrameTypeHandle	16	static
../Core/Src/main.c:344:9:SF_N_PCI_DataLenngthHandle	16	static
../Core/Src/main.c:348:6:HAL_CAN_RxFifo1MsgPendingCallback	16	static
../Core/Src/main.c:360:6:ReadRequest_handle	8	static
../Core/Src/main.c:416:5:main	56	static
../Core/Src/main.c:814:6:SystemClock_Config	72	static
../Core/Src/main.c:854:13:MX_CAN_Init	8	static
../Core/Src/main.c:891:13:MX_TIM4_Init	32	static
../Core/Src/main.c:936:13:MX_USART1_UART_Init	8	static
../Core/Src/main.c:969:13:MX_GPIO_Init	40	static
../Core/Src/main.c:995:6:HAL_TIM_PeriodElapsedCallback	16	static
../Core/Src/main.c:1020:6:Error_Handler	4	static,ignoring_inline_asm
