../Core/Src/main.c:185:9:GetSecurityLevel	24	static
../Core/Src/main.c:198:9:GetSecurityKeyLevel	24	static
../Core/Src/main.c:207:10:GetDID	24	static
../Core/Src/main.c:213:9:GetCANFrameSize	24	static
../Core/Src/main.c:225:9:Check_ReadRq_Validation	32	static
../Core/Src/main.c:263:9:GetFrameType	24	static
../Core/Src/main.c:291:9:GetDataLength	24	static
../Core/Src/main.c:339:9:SF_N_PCI_FrameTypeHandle	16	static
../Core/Src/main.c:343:9:SF_N_PCI_DataLenngthHandle	16	static
../Core/Src/main.c:347:6:HAL_CAN_RxFifo1MsgPendingCallback	16	static
../Core/Src/main.c:358:6:ReadRequest_handle	8	static
../Core/Src/main.c:414:5:main	48	static
../Core/Src/main.c:818:6:SystemClock_Config	72	static
../Core/Src/main.c:858:13:MX_CAN_Init	8	static
../Core/Src/main.c:895:13:MX_TIM4_Init	32	static
../Core/Src/main.c:940:13:MX_USART1_UART_Init	8	static
../Core/Src/main.c:973:13:MX_GPIO_Init	40	static
../Core/Src/main.c:999:6:HAL_TIM_PeriodElapsedCallback	16	static
../Core/Src/main.c:1024:6:Error_Handler	4	static,ignoring_inline_asm
