../Core/Src/main.c:184:9:GetSecurityLevel	24	static
../Core/Src/main.c:200:10:GetDID	24	static
../Core/Src/main.c:206:9:GetCANFrameSize	24	static
../Core/Src/main.c:218:9:Check_ReadRq_Validation	32	static
../Core/Src/main.c:256:9:GetFrameType	24	static
../Core/Src/main.c:284:9:GetDataLength	24	static
../Core/Src/main.c:332:9:SF_N_PCI_FrameTypeHandle	16	static
../Core/Src/main.c:336:9:SF_N_PCI_DataLenngthHandle	16	static
../Core/Src/main.c:340:6:HAL_CAN_RxFifo1MsgPendingCallback	16	static
../Core/Src/main.c:351:6:ReadRequest_handle	8	static
../Core/Src/main.c:407:5:main	56	static
../Core/Src/main.c:805:6:SystemClock_Config	72	static
../Core/Src/main.c:845:13:MX_CAN_Init	8	static
../Core/Src/main.c:882:13:MX_TIM4_Init	32	static
../Core/Src/main.c:927:13:MX_USART1_UART_Init	8	static
../Core/Src/main.c:960:13:MX_GPIO_Init	40	static
../Core/Src/main.c:986:6:HAL_TIM_PeriodElapsedCallback	16	static
../Core/Src/main.c:1011:6:Error_Handler	4	static,ignoring_inline_asm
