Archive member included to satisfy reference by file (symbol)

C:/ST/STM32CubeIDE_1.13.2/STM32CubeIDE/plugins/com.st.stm32cube.ide.mcu.externaltools.gnu-tools-for-stm32.11.3.rel1.win32_1.1.1.202309131626/tools/bin/../lib/gcc/arm-none-eabi/11.3.1/../../../../arm-none-eabi/lib/thumb/v7-m/nofp\libc_nano.a(libc_a-exit.o)
                              C:/ST/STM32CubeIDE_1.13.2/STM32CubeIDE/plugins/com.st.stm32cube.ide.mcu.externaltools.gnu-tools-for-stm32.11.3.rel1.win32_1.1.1.202309131626/tools/bin/../lib/gcc/arm-none-eabi/11.3.1/../../../../arm-none-eabi/lib/thumb/v7-m/nofp/crt0.o (exit)
C:/ST/STM32CubeIDE_1.13.2/STM32CubeIDE/plugins/com.st.stm32cube.ide.mcu.externaltools.gnu-tools-for-stm32.11.3.rel1.win32_1.1.1.202309131626/tools/bin/../lib/gcc/arm-none-eabi/11.3.1/../../../../arm-none-eabi/lib/thumb/v7-m/nofp\libc_nano.a(libc_a-findfp.o)
                              C:/ST/STM32CubeIDE_1.13.2/STM32CubeIDE/plugins/com.st.stm32cube.ide.mcu.externaltools.gnu-tools-for-stm32.11.3.rel1.win32_1.1.1.202309131626/tools/bin/../lib/gcc/arm-none-eabi/11.3.1/../../../../arm-none-eabi/lib/thumb/v7-m/nofp\libc_nano.a(libc_a-exit.o) (__stdio_exit_handler)
C:/ST/STM32CubeIDE_1.13.2/STM32CubeIDE/plugins/com.st.stm32cube.ide.mcu.externaltools.gnu-tools-for-stm32.11.3.rel1.win32_1.1.1.202309131626/tools/bin/../lib/gcc/arm-none-eabi/11.3.1/../../../../arm-none-eabi/lib/thumb/v7-m/nofp\libc_nano.a(libc_a-fwalk.o)
                              C:/ST/STM32CubeIDE_1.13.2/STM32CubeIDE/plugins/com.st.stm32cube.ide.mcu.externaltools.gnu-tools-for-stm32.11.3.rel1.win32_1.1.1.202309131626/tools/bin/../lib/gcc/arm-none-eabi/11.3.1/../../../../arm-none-eabi/lib/thumb/v7-m/nofp\libc_nano.a(libc_a-findfp.o) (_fwalk_sglue)
C:/ST/STM32CubeIDE_1.13.2/STM32CubeIDE/plugins/com.st.stm32cube.ide.mcu.externaltools.gnu-tools-for-stm32.11.3.rel1.win32_1.1.1.202309131626/tools/bin/../lib/gcc/arm-none-eabi/11.3.1/../../../../arm-none-eabi/lib/thumb/v7-m/nofp\libc_nano.a(libc_a-sprintf.o)
                              ./Core/Src/main.o (sprintf)
C:/ST/STM32CubeIDE_1.13.2/STM32CubeIDE/plugins/com.st.stm32cube.ide.mcu.externaltools.gnu-tools-for-stm32.11.3.rel1.win32_1.1.1.202309131626/tools/bin/../lib/gcc/arm-none-eabi/11.3.1/../../../../arm-none-eabi/lib/thumb/v7-m/nofp\libc_nano.a(libc_a-stdio.o)
                              C:/ST/STM32CubeIDE_1.13.2/STM32CubeIDE/plugins/com.st.stm32cube.ide.mcu.externaltools.gnu-tools-for-stm32.11.3.rel1.win32_1.1.1.202309131626/tools/bin/../lib/gcc/arm-none-eabi/11.3.1/../../../../arm-none-eabi/lib/thumb/v7-m/nofp\libc_nano.a(libc_a-findfp.o) (__sread)
C:/ST/STM32CubeIDE_1.13.2/STM32CubeIDE/plugins/com.st.stm32cube.ide.mcu.externaltools.gnu-tools-for-stm32.11.3.rel1.win32_1.1.1.202309131626/tools/bin/../lib/gcc/arm-none-eabi/11.3.1/../../../../arm-none-eabi/lib/thumb/v7-m/nofp\libc_nano.a(libc_a-memset.o)
                              C:/ST/STM32CubeIDE_1.13.2/STM32CubeIDE/plugins/com.st.stm32cube.ide.mcu.externaltools.gnu-tools-for-stm32.11.3.rel1.win32_1.1.1.202309131626/tools/bin/../lib/gcc/arm-none-eabi/11.3.1/../../../../arm-none-eabi/lib/thumb/v7-m/nofp/crt0.o (memset)
C:/ST/STM32CubeIDE_1.13.2/STM32CubeIDE/plugins/com.st.stm32cube.ide.mcu.externaltools.gnu-tools-for-stm32.11.3.rel1.win32_1.1.1.202309131626/tools/bin/../lib/gcc/arm-none-eabi/11.3.1/../../../../arm-none-eabi/lib/thumb/v7-m/nofp\libc_nano.a(libc_a-closer.o)
                              C:/ST/STM32CubeIDE_1.13.2/STM32CubeIDE/plugins/com.st.stm32cube.ide.mcu.externaltools.gnu-tools-for-stm32.11.3.rel1.win32_1.1.1.202309131626/tools/bin/../lib/gcc/arm-none-eabi/11.3.1/../../../../arm-none-eabi/lib/thumb/v7-m/nofp\libc_nano.a(libc_a-stdio.o) (_close_r)
C:/ST/STM32CubeIDE_1.13.2/STM32CubeIDE/plugins/com.st.stm32cube.ide.mcu.externaltools.gnu-tools-for-stm32.11.3.rel1.win32_1.1.1.202309131626/tools/bin/../lib/gcc/arm-none-eabi/11.3.1/../../../../arm-none-eabi/lib/thumb/v7-m/nofp\libc_nano.a(libc_a-reent.o)
                              C:/ST/STM32CubeIDE_1.13.2/STM32CubeIDE/plugins/com.st.stm32cube.ide.mcu.externaltools.gnu-tools-for-stm32.11.3.rel1.win32_1.1.1.202309131626/tools/bin/../lib/gcc/arm-none-eabi/11.3.1/../../../../arm-none-eabi/lib/thumb/v7-m/nofp\libc_nano.a(libc_a-closer.o) (errno)
C:/ST/STM32CubeIDE_1.13.2/STM32CubeIDE/plugins/com.st.stm32cube.ide.mcu.externaltools.gnu-tools-for-stm32.11.3.rel1.win32_1.1.1.202309131626/tools/bin/../lib/gcc/arm-none-eabi/11.3.1/../../../../arm-none-eabi/lib/thumb/v7-m/nofp\libc_nano.a(libc_a-impure.o)
                              C:/ST/STM32CubeIDE_1.13.2/STM32CubeIDE/plugins/com.st.stm32cube.ide.mcu.externaltools.gnu-tools-for-stm32.11.3.rel1.win32_1.1.1.202309131626/tools/bin/../lib/gcc/arm-none-eabi/11.3.1/../../../../arm-none-eabi/lib/thumb/v7-m/nofp\libc_nano.a(libc_a-sprintf.o) (_impure_ptr)
[...]
Memory Configuration

Name             Origin             Length             Attributes
RAM              0x0000000020000000 0x0000000000005000 xrw
FLASH            0x0000000008000000 0x0000000000010000 xr
*default*        0x0000000000000000 0xffffffffffffffff

Linker script and memory map

LOAD C:/ST/STM32CubeIDE_1.13.2/STM32CubeIDE/plugins/com.st.stm32cube.ide.mcu.externaltools.gnu-tools-for-stm32.11.3.rel1.win32_1.1.1.202309131626/tools/bin/../lib/gcc/arm-none-eabi/11.3.1/thumb/v7-m/nofp/crti.o
LOAD C:/ST/STM32CubeIDE_1.13.2/STM32CubeIDE/plugins/com.st.stm32cube.ide.mcu.externaltools.gnu-tools-for-stm32.11.3.rel1.win32_1.1.1.202309131626/tools/bin/../lib/gcc/arm-none-eabi/11.3.1/thumb/v7-m/nofp/crtbegin.o
LOAD C:/ST/STM32CubeIDE_1.13.2/STM32CubeIDE/plugins/com.st.stm32cube.ide.mcu.externaltools.gnu-tools-for-stm32.11.3.rel1.win32_1.1.1.202309131626/tools/bin/../lib/gcc/arm-none-eabi/11.3.1/../../../../arm-none-eabi/lib/thumb/v7-m/nofp/crt0.o
LOAD ./Core/Src/button.o
LOAD ./Core/Src/freertos.o
LOAD ./Core/Src/main.o
LOAD ./Core/Src/stm32f1xx_hal_msp.o
LOAD ./Core/Src/stm32f1xx_hal_timebase_tim.o
LOAD ./Core/Src/stm32f1xx_it.o
LOAD ./Core/Src/syscalls.o
LOAD ./Core/Src/sysmem.o
LOAD ./Core/Src/system_stm32f1xx.o
LOAD ./Core/Startup/startup_stm32f103c8tx.o
LOAD ./Drivers/STM32F1xx_HAL_Driver/stm32f1xx_hal.o
LOAD ./Drivers/STM32F1xx_HAL_Driver/stm32f1xx_hal_can.o
LOAD ./Drivers/STM32F1xx_HAL_Driver/stm32f1xx_hal_cortex.o
LOAD ./Drivers/STM32F1xx_HAL_Driver/stm32f1xx_hal_dma.o
LOAD ./Drivers/STM32F1xx_HAL_Driver/stm32f1xx_hal_exti.o
LOAD ./Drivers/STM32F1xx_HAL_Driver/stm32f1xx_hal_flash.o
LOAD ./Drivers/STM32F1xx_HAL_Driver/stm32f1xx_hal_flash_ex.o
LOAD ./Drivers/STM32F1xx_HAL_Driver/stm32f1xx_hal_gpio.o
LOAD ./Drivers/STM32F1xx_HAL_Driver/stm32f1xx_hal_gpio_ex.o
LOAD ./Drivers/STM32F1xx_HAL_Driver/stm32f1xx_hal_pwr.o
LOAD ./Drivers/STM32F1xx_HAL_Driver/stm32f1xx_hal_rcc.o
LOAD ./Drivers/STM32F1xx_HAL_Driver/stm32f1xx_hal_rcc_ex.o
LOAD ./Drivers/STM32F1xx_HAL_Driver/stm32f1xx_hal_tim.o
LOAD ./Drivers/STM32F1xx_HAL_Driver/stm32f1xx_hal_tim_ex.o
LOAD ./Drivers/STM32F1xx_HAL_Driver/stm32f1xx_hal_uart.o
LOAD ./Middlewares/FreeRTOS/cmsis_os2.o
LOAD ./Middlewares/FreeRTOS/croutine.o
LOAD ./Middlewares/FreeRTOS/event_groups.o
LOAD ./Middlewares/FreeRTOS/heap_4.o
LOAD ./Middlewares/FreeRTOS/list.o
LOAD ./Middlewares/FreeRTOS/port.o
LOAD ./Middlewares/FreeRTOS/queue.o
LOAD ./Middlewares/FreeRTOS/stream_buffer.o
LOAD ./Middlewares/FreeRTOS/tasks.o
LOAD ./Middlewares/FreeRTOS/timers.o
START GROUP
LOAD C:/ST/STM32CubeIDE_1.13.2/STM32CubeIDE/plugins/com.st.stm32cube.ide.mcu.externaltools.gnu-tools-for-stm32.11.3.rel1.win32_1.1.1.202309131626/tools/bin/../lib/gcc/arm-none-eabi/11.3.1/../../../../arm-none-eabi/lib/thumb/v7-m/nofp\libc_nano.a
LOAD C:/ST/STM32CubeIDE_1.13.2/STM32CubeIDE/plugins/com.st.stm32cube.ide.mcu.externaltools.gnu-tools-for-stm32.11.3.rel1.win32_1.1.1.202309131626/tools/bin/../lib/gcc/arm-none-eabi/11.3.1/../../../../arm-none-eabi/lib/thumb/v7-m/nofp\libm.a
END GROUP
START GROUP
LOAD C:/ST/STM32CubeIDE_1.13.2/STM32CubeIDE/plugins/com.st.stm32cube.ide.mcu.externaltools.gnu-tools-for-stm32.11.3.rel1.win32_1.1.1.202309131626/tools/bin/../lib/gcc/arm-none-eabi/11.3.1/thumb/v7-m/nofp\libgcc.a
LOAD C:/ST/STM32CubeIDE_1.13.2/STM32CubeIDE/plugins/com.st.stm32cube.ide.mcu.externaltools.gnu-tools-for-stm32.11.3.rel1.win32_1.1.1.202309131626/tools/bin/../lib/gcc/arm-none-eabi/11.3.1/../../../../arm-none-eabi/lib/thumb/v7-m/nofp\libc_nano.a
END GROUP
START GROUP
LOAD C:/ST/STM32CubeIDE_1.13.2/STM32CubeIDE/plugins/com.st.stm32cube.ide.mcu.externaltools.gnu-tools-for-stm32.11.3.rel1.win32_1.1.1.202309131626/tools/bin/../lib/gcc/arm-none-eabi/11.3.1/thumb/v7-m/nofp\libgcc.a
LOAD C:/ST/STM32CubeIDE_1.13.2/STM32CubeIDE/plugins/com.st.stm32cube.ide.mcu.externaltools.gnu-tools-for-stm32.11.3.rel1.win32_1.1.1.202309131626/tools/bin/../lib/gcc/arm-none-eabi/11.3.1/../../../../arm-none-eabi/lib/thumb/v7-m/nofp\libc_nano.a
LOAD C:/ST/STM32CubeIDE_1.13.2/STM32CubeIDE/plugins/com.st.stm32cube.ide.mcu.externaltools.gnu-tools-for-stm32.11.3.rel1.win32_1.1.1.202309131626/tools/bin/../lib/gcc/arm-none-eabi/11.3.1/../../../../arm-none-eabi/lib/thumb/v7-m/nofp\libnosys.a
END GROUP
START GROUP
LOAD C:/ST/STM32CubeIDE_1.13.2/STM32CubeIDE/plugins/com.st.stm32cube.ide.mcu.externaltools.gnu-tools-for-stm32.11.3.rel1.win32_1.1.1.202309131626/tools/bin/../lib/gcc/arm-none-eabi/11.3.1/thumb/v7-m/nofp\libgcc.a
LOAD C:/ST/STM32CubeIDE_1.13.2/STM32CubeIDE/plugins/com.st.stm32cube.ide.mcu.externaltools.gnu-tools-for-stm32.11.3.rel1.win32_1.1.1.202309131626/tools/bin/../lib/gcc/arm-none-eabi/11.3.1/../../../../arm-none-eabi/lib/thumb/v7-m/nofp\libc_nano.a
LOAD C:/ST/STM32CubeIDE_1.13.2/STM32CubeIDE/plugins/com.st.stm32cube.ide.mcu.externaltools.gnu-tools-for-stm32.11.3.rel1.win32_1.1.1.202309131626/tools/bin/../lib/gcc/arm-none-eabi/11.3.1/../../../../arm-none-eabi/lib/thumb/v7-m/nofp\libnosys.a
END GROUP
LOAD C:/ST/STM32CubeIDE_1.13.2/STM32CubeIDE/plugins/com.st.stm32cube.ide.mcu.externaltools.gnu-tools-for-stm32.11.3.rel1.win32_1.1.1.202309131626/tools/bin/../lib/gcc/arm-none-eabi/11.3.1/thumb/v7-m/nofp/crtend.o
LOAD C:/ST/STM32CubeIDE_1.13.2/STM32CubeIDE/plugins/com.st.stm32cube.ide.mcu.externaltools.gnu-tools-for-stm32.11.3.rel1.win32_1.1.1.202309131626/tools/bin/../lib/gcc/arm-none-eabi/11.3.1/thumb/v7-m/nofp/crtn.o
                0x0000000020005000                _estack = (ORIGIN (RAM) + LENGTH (RAM))
                0x0000000000000200                _Min_Heap_Size = 0x200
                0x0000000000000400                _Min_Stack_Size = 0x400

.isr_vector     0x0000000008000000      0x10c
                0x0000000008000000                . = ALIGN (0x4)
 *(.isr_vector)
 .isr_vector    0x0000000008000000      0x10c ./Core/Startup/startup_stm32f103c8tx.o
                0x0000000008000000                g_pfnVectors
                0x000000000800010c                . = ALIGN (0x4)

.text           0x0000000008000110     0x7544
                0x0000000008000110                . = ALIGN (0x4)
 *(.text)
 .text          0x0000000008000110       0x40 C:/ST/STM32CubeIDE_1.13.2/STM32CubeIDE/plugins/com.st.stm32cube.ide.mcu.externaltools.gnu-tools-for-stm32.11.3.rel1.win32_1.1.1.202309131626/tools/bin/../lib/gcc/arm-none-eabi/11.3.1/thumb/v7-m/nofp/crtbegin.o
 *(.text*)
 .text.button_release_callback
                0x0000000008000150       0x2c ./Core/Src/button.o
                0x0000000008000150                button_release_callback
 .text.button_shortpressing_callback_500ms
                0x000000000800017c       0x12 ./Core/Src/button.o
                0x000000000800017c                button_shortpressing_callback_500ms
 *fill*         0x000000000800018e        0x2 
 .text.button_handle
                0x0000000008000190      0x104 ./Core/Src/button.o
                0x0000000008000190                button_handle
 .text.button_Init
                0x0000000008000294       0x36 ./Core/Src/button.o
                0x0000000008000294                button_Init
 *fill*         0x00000000080002ca        0x2 
 .text.button_longpressing_callback_500ms
                0x00000000080002cc       0x28 ./Core/Src/main.o
                0x00000000080002cc                button_longpressing_callback_500ms
 .text.HAL_CAN_RxFifo1MsgPendingCallback
                0x00000000080002f4       0x48 ./Core/Src/main.o
                0x00000000080002f4                HAL_CAN_RxFifo1MsgPendingCallback
 .text.GetFrameType
                0x000000000800033c       0x4c ./Core/Src/main.o
                0x000000000800033c                GetFrameType
 .text.SF_N_PCI_FrameTypeHandle
                0x0000000008000388       0x20 ./Core/Src/main.o
                0x0000000008000388                SF_N_PCI_FrameTypeHandle
 .text.ReadSingleFrame_handle
                0x00000000080003a8       0x40 ./Core/Src/main.o
                0x00000000080003a8                ReadSingleFrame_handle
 .text.main     0x00000000080003e8       0xf0 ./Core/Src/main.o
                0x00000000080003e8                main
 .text.SystemClock_Config
                0x00000000080004d8       0x8a ./Core/Src/main.o
                0x00000000080004d8                SystemClock_Config
 *fill*         0x0000000008000562        0x2 
 .text.MX_CAN_Init
                0x0000000008000564       0x70 ./Core/Src/main.o
 .text.MX_TIM4_Init
                0x00000000080005d4       0x9c ./Core/Src/main.o
 .text.MX_USART1_UART_Init
                0x0000000008000670       0x54 ./Core/Src/main.o
 .text.MX_GPIO_Init
                0x00000000080006c4       0xac ./Core/Src/main.o
 .text.StartService_ComTask
                0x0000000008000770      0x63c ./Core/Src/main.o
                0x0000000008000770                StartService_ComTask
 .text.StartTaskButton
                0x0000000008000dac       0x28 ./Core/Src/main.o
                0x0000000008000dac                StartTaskButton
 .text.HAL_TIM_PeriodElapsedCallback
                0x0000000008000dd4       0x78 ./Core/Src/main.o
                0x0000000008000dd4                HAL_TIM_PeriodElapsedCallback
 .text.Error_Handler
                0x0000000008000e4c        0xa ./Core/Src/main.o
                0x0000000008000e4c                Error_Handler
 *fill*         0x0000000008000e56        0x2 
 .text.HAL_MspInit
                0x0000000008000e58       0x70 ./Core/Src/stm32f1xx_hal_msp.o
                0x0000000008000e58                HAL_MspInit
 .text.HAL_CAN_MspInit
                0x0000000008000ec8       0xd0 ./Core/Src/stm32f1xx_hal_msp.o
                0x0000000008000ec8                HAL_CAN_MspInit
 .text.HAL_TIM_Base_MspInit
                0x0000000008000f98       0x4c ./Core/Src/stm32f1xx_hal_msp.o
                0x0000000008000f98                HAL_TIM_Base_MspInit
 .text.HAL_UART_MspInit
                0x0000000008000fe4       0xa8 ./Core/Src/stm32f1xx_hal_msp.o
                0x0000000008000fe4                HAL_UART_MspInit
 .text.HAL_InitTick
                0x000000000800108c       0xe4 ./Core/Src/stm32f1xx_hal_timebase_tim.o
                0x000000000800108c                HAL_InitTick
 .text.NMI_Handler
                0x0000000008001170        0x6 ./Core/Src/stm32f1xx_it.o
                0x0000000008001170                NMI_Handler
 .text.HardFault_Handler
                0x0000000008001176        0x6 ./Core/Src/stm32f1xx_it.o
                0x0000000008001176                HardFault_Handler
 .text.MemManage_Handler
                0x000000000800117c        0x6 ./Core/Src/stm32f1xx_it.o
                0x000000000800117c                MemManage_Handler
 .text.BusFault_Handler
                0x0000000008001182        0x6 ./Core/Src/stm32f1xx_it.o
                0x0000000008001182                BusFault_Handler
 .text.UsageFault_Handler
                0x0000000008001188        0x6 ./Core/Src/stm32f1xx_it.o
                0x0000000008001188                UsageFault_Handler
 .text.DebugMon_Handler
                0x000000000800118e        0xc ./Core/Src/stm32f1xx_it.o
                0x000000000800118e                DebugMon_Handler
 *fill*         0x000000000800119a        0x2 
 .text.CAN1_RX1_IRQHandler
                0x000000000800119c       0x14 ./Core/Src/stm32f1xx_it.o
                0x000000000800119c                CAN1_RX1_IRQHandler
 .text.TIM1_UP_IRQHandler
                0x00000000080011b0       0x14 ./Core/Src/stm32f1xx_it.o
                0x00000000080011b0                TIM1_UP_IRQHandler
 .text.TIM4_IRQHandler
                0x00000000080011c4       0x14 ./Core/Src/stm32f1xx_it.o
                0x00000000080011c4                TIM4_IRQHandler
 .text.USART1_IRQHandler
                0x00000000080011d8       0x14 ./Core/Src/stm32f1xx_it.o
                0x00000000080011d8                USART1_IRQHandler
 .text._sbrk    0x00000000080011ec       0x6c ./Core/Src/sysmem.o
                0x00000000080011ec                _sbrk
 .text.SystemInit
                0x0000000008001258        0xc ./Core/Src/system_stm32f1xx.o
                0x0000000008001258                SystemInit
 .text.Reset_Handler
                0x0000000008001264       0x48 ./Core/Startup/startup_stm32f103c8tx.o
                0x0000000008001264                Reset_Handler
 .text.Default_Handler
                0x00000000080012ac        0x2 ./Core/Startup/startup_stm32f103c8tx.o
                0x00000000080012ac                RTC_Alarm_IRQHandler
                0x00000000080012ac                EXTI2_IRQHandler
                0x00000000080012ac                TIM1_CC_IRQHandler
                0x00000000080012ac                PVD_IRQHandler
                0x00000000080012ac                EXTI3_IRQHandler
                0x00000000080012ac                EXTI0_IRQHandler
                0x00000000080012ac                I2C2_EV_IRQHandler
                0x00000000080012ac                ADC1_2_IRQHandler
                0x00000000080012ac                SPI1_IRQHandler
                0x00000000080012ac                TAMPER_IRQHandler
                0x00000000080012ac                DMA1_Channel4_IRQHandler
                0x00000000080012ac                USART3_IRQHandler
                0x00000000080012ac                RTC_IRQHandler
                0x00000000080012ac                DMA1_Channel7_IRQHandler
                0x00000000080012ac                I2C1_EV_IRQHandler
                0x00000000080012ac                DMA1_Channel6_IRQHandler
                0x00000000080012ac                TIM3_IRQHandler
                0x00000000080012ac                RCC_IRQHandler
                0x00000000080012ac                TIM1_TRG_COM_IRQHandler
                0x00000000080012ac                DMA1_Channel1_IRQHandler
                0x00000000080012ac                Default_Handler
                0x00000000080012ac                EXTI15_10_IRQHandler
                0x00000000080012ac                EXTI9_5_IRQHandler
                0x00000000080012ac                SPI2_IRQHandler
                0x00000000080012ac                DMA1_Channel5_IRQHandler
                0x00000000080012ac                EXTI4_IRQHandler
                0x00000000080012ac                USB_LP_CAN1_RX0_IRQHandler
                0x00000000080012ac                USB_HP_CAN1_TX_IRQHandler
                0x00000000080012ac                DMA1_Channel3_IRQHandler
                0x00000000080012ac                WWDG_IRQHandler
                0x00000000080012ac                TIM2_IRQHandler
                0x00000000080012ac                TIM1_BRK_IRQHandler
                0x00000000080012ac                EXTI1_IRQHandler
                0x00000000080012ac                USART2_IRQHandler
                0x00000000080012ac                I2C2_ER_IRQHandler
                0x00000000080012ac                DMA1_Channel2_IRQHandler
                0x00000000080012ac                CAN1_SCE_IRQHandler
                0x00000000080012ac                FLASH_IRQHandler
                0x00000000080012ac                I2C1_ER_IRQHandler
                0x00000000080012ac                USBWakeUp_IRQHandler
 *fill*         0x00000000080012ae        0x2 
 .text.HAL_Init
                0x00000000080012b0       0x2c ./Drivers/STM32F1xx_HAL_Driver/stm32f1xx_hal.o
                0x00000000080012b0                HAL_Init
 .text.HAL_IncTick
                0x00000000080012dc       0x24 ./Drivers/STM32F1xx_HAL_Driver/stm32f1xx_hal.o
                0x00000000080012dc                HAL_IncTick
 .text.HAL_GetTick
                0x0000000008001300       0x14 ./Drivers/STM32F1xx_HAL_Driver/stm32f1xx_hal.o
                0x0000000008001300                HAL_GetTick
 .text.HAL_Delay
                0x0000000008001314       0x48 ./Drivers/STM32F1xx_HAL_Driver/stm32f1xx_hal.o
                0x0000000008001314                HAL_Delay
 .text.HAL_CAN_Init
                0x000000000800135c      0x1f6 ./Drivers/STM32F1xx_HAL_Driver/stm32f1xx_hal_can.o
                0x000000000800135c                HAL_CAN_Init
 .text.HAL_CAN_ConfigFilter
                0x0000000008001552      0x192 ./Drivers/STM32F1xx_HAL_Driver/stm32f1xx_hal_can.o
                0x0000000008001552                HAL_CAN_ConfigFilter
 .text.HAL_CAN_Start
                0x00000000080016e4       0x88 ./Drivers/STM32F1xx_HAL_Driver/stm32f1xx_hal_can.o
                0x00000000080016e4                HAL_CAN_Start
 .text.HAL_CAN_AddTxMessage
                0x000000000800176c      0x19e ./Drivers/STM32F1xx_HAL_Driver/stm32f1xx_hal_can.o
                0x000000000800176c                HAL_CAN_AddTxMessage
 .text.HAL_CAN_GetRxMessage
                0x000000000800190a      0x242 ./Drivers/STM32F1xx_HAL_Driver/stm32f1xx_hal_can.o
                0x000000000800190a                HAL_CAN_GetRxMessage
 .text.HAL_CAN_ActivateNotification
                0x0000000008001b4c       0x4a ./Drivers/STM32F1xx_HAL_Driver/stm32f1xx_hal_can.o
                0x0000000008001b4c                HAL_CAN_ActivateNotification
 .text.HAL_CAN_IRQHandler
                0x0000000008001b96      0x36e ./Drivers/STM32F1xx_HAL_Driver/stm32f1xx_hal_can.o
                0x0000000008001b96                HAL_CAN_IRQHandler
 .text.HAL_CAN_TxMailbox0CompleteCallback
                0x0000000008001f04       0x12 ./Drivers/STM32F1xx_HAL_Driver/stm32f1xx_hal_can.o
                0x0000000008001f04                HAL_CAN_TxMailbox0CompleteCallback
 .text.HAL_CAN_TxMailbox1CompleteCallback
                0x0000000008001f16       0x12 ./Drivers/STM32F1xx_HAL_Driver/stm32f1xx_hal_can.o
                0x0000000008001f16                HAL_CAN_TxMailbox1CompleteCallback
 .text.HAL_CAN_TxMailbox2CompleteCallback
                0x0000000008001f28       0x12 ./Drivers/STM32F1xx_HAL_Driver/stm32f1xx_hal_can.o
                0x0000000008001f28                HAL_CAN_TxMailbox2CompleteCallback
 .text.HAL_CAN_TxMailbox0AbortCallback
                0x0000000008001f3a       0x12 ./Drivers/STM32F1xx_HAL_Driver/stm32f1xx_hal_can.o
                0x0000000008001f3a                HAL_CAN_TxMailbox0AbortCallback
 .text.HAL_CAN_TxMailbox1AbortCallback
                0x0000000008001f4c       0x12 ./Drivers/STM32F1xx_HAL_Driver/stm32f1xx_hal_can.o
                0x0000000008001f4c                HAL_CAN_TxMailbox1AbortCallback
 .text.HAL_CAN_TxMailbox2AbortCallback
                0x0000000008001f5e       0x12 ./Drivers/STM32F1xx_HAL_Driver/stm32f1xx_hal_can.o
                0x0000000008001f5e                HAL_CAN_TxMailbox2AbortCallback
 .text.HAL_CAN_RxFifo0MsgPendingCallback
                0x0000000008001f70       0x12 ./Drivers/STM32F1xx_HAL_Driver/stm32f1xx_hal_can.o
                0x0000000008001f70                HAL_CAN_RxFifo0MsgPendingCallback
 .text.HAL_CAN_RxFifo0FullCallback
                0x0000000008001f82       0x12 ./Drivers/STM32F1xx_HAL_Driver/stm32f1xx_hal_can.o
                0x0000000008001f82                HAL_CAN_RxFifo0FullCallback
 .text.HAL_CAN_RxFifo1FullCallback
                0x0000000008001f94       0x12 ./Drivers/STM32F1xx_HAL_Driver/stm32f1xx_hal_can.o
                0x0000000008001f94                HAL_CAN_RxFifo1FullCallback
 .text.HAL_CAN_SleepCallback
                0x0000000008001fa6       0x12 ./Drivers/STM32F1xx_HAL_Driver/stm32f1xx_hal_can.o
                0x0000000008001fa6                HAL_CAN_SleepCallback
 .text.HAL_CAN_WakeUpFromRxMsgCallback
                0x0000000008001fb8       0x12 ./Drivers/STM32F1xx_HAL_Driver/stm32f1xx_hal_can.o
                0x0000000008001fb8                HAL_CAN_WakeUpFromRxMsgCallback
 .text.HAL_CAN_ErrorCallback
                0x0000000008001fca       0x12 ./Drivers/STM32F1xx_HAL_Driver/stm32f1xx_hal_can.o
                0x0000000008001fca                HAL_CAN_ErrorCallback
 .text.__NVIC_SetPriorityGrouping
                0x0000000008001fdc       0x48 ./Drivers/STM32F1xx_HAL_Driver/stm32f1xx_hal_cortex.o
 .text.__NVIC_GetPriorityGrouping
                0x0000000008002024       0x1c ./Drivers/STM32F1xx_HAL_Driver/stm32f1xx_hal_cortex.o
 .text.__NVIC_EnableIRQ
                0x0000000008002040       0x38 ./Drivers/STM32F1xx_HAL_Driver/stm32f1xx_hal_cortex.o
 .text.__NVIC_SetPriority
                0x0000000008002078       0x54 ./Drivers/STM32F1xx_HAL_Driver/stm32f1xx_hal_cortex.o
 .text.NVIC_EncodePriority
                0x00000000080020cc       0x64 ./Drivers/STM32F1xx_HAL_Driver/stm32f1xx_hal_cortex.o
 .text.HAL_NVIC_SetPriorityGrouping
                0x0000000008002130       0x16 ./Drivers/STM32F1xx_HAL_Driver/stm32f1xx_hal_cortex.o
                0x0000000008002130                HAL_NVIC_SetPriorityGrouping
 .text.HAL_NVIC_SetPriority
                0x0000000008002146       0x38 ./Drivers/STM32F1xx_HAL_Driver/stm32f1xx_hal_cortex.o
                0x0000000008002146                HAL_NVIC_SetPriority
 .text.HAL_NVIC_EnableIRQ
                0x000000000800217e       0x1c ./Drivers/STM32F1xx_HAL_Driver/stm32f1xx_hal_cortex.o
                0x000000000800217e                HAL_NVIC_EnableIRQ
 .text.HAL_DMA_Abort
                0x000000000800219a       0x76 ./Drivers/STM32F1xx_HAL_Driver/stm32f1xx_hal_dma.o
                0x000000000800219a                HAL_DMA_Abort
 .text.HAL_DMA_Abort_IT
                0x0000000008002210       0xf0 ./Drivers/STM32F1xx_HAL_Driver/stm32f1xx_hal_dma.o
                0x0000000008002210                HAL_DMA_Abort_IT
 .text.HAL_GPIO_Init
                0x0000000008002300      0x308 ./Drivers/STM32F1xx_HAL_Driver/stm32f1xx_hal_gpio.o
                0x0000000008002300                HAL_GPIO_Init
 .text.HAL_GPIO_ReadPin
                0x0000000008002608       0x2e ./Drivers/STM32F1xx_HAL_Driver/stm32f1xx_hal_gpio.o
                0x0000000008002608                HAL_GPIO_ReadPin
 .text.HAL_GPIO_WritePin
                0x0000000008002636       0x30 ./Drivers/STM32F1xx_HAL_Driver/stm32f1xx_hal_gpio.o
                0x0000000008002636                HAL_GPIO_WritePin
 *fill*         0x0000000008002666        0x2 
 .text.HAL_RCC_OscConfig
                0x0000000008002668      0x504 ./Drivers/STM32F1xx_HAL_Driver/stm32f1xx_hal_rcc.o
                0x0000000008002668                HAL_RCC_OscConfig
 .text.HAL_RCC_ClockConfig
                0x0000000008002b6c      0x1d4 ./Drivers/STM32F1xx_HAL_Driver/stm32f1xx_hal_rcc.o
                0x0000000008002b6c                HAL_RCC_ClockConfig
 .text.HAL_RCC_GetSysClockFreq
                0x0000000008002d40       0xa8 ./Drivers/STM32F1xx_HAL_Driver/stm32f1xx_hal_rcc.o
                0x0000000008002d40                HAL_RCC_GetSysClockFreq
 .text.HAL_RCC_GetHCLKFreq
                0x0000000008002de8       0x14 ./Drivers/STM32F1xx_HAL_Driver/stm32f1xx_hal_rcc.o
                0x0000000008002de8                HAL_RCC_GetHCLKFreq
 .text.HAL_RCC_GetPCLK1Freq
                0x0000000008002dfc       0x28 ./Drivers/STM32F1xx_HAL_Driver/stm32f1xx_hal_rcc.o
                0x0000000008002dfc                HAL_RCC_GetPCLK1Freq
 .text.HAL_RCC_GetPCLK2Freq
                0x0000000008002e24       0x28 ./Drivers/STM32F1xx_HAL_Driver/stm32f1xx_hal_rcc.o
                0x0000000008002e24                HAL_RCC_GetPCLK2Freq
 .text.HAL_RCC_GetClockConfig
                0x0000000008002e4c       0x60 ./Drivers/STM32F1xx_HAL_Driver/stm32f1xx_hal_rcc.o
                0x0000000008002e4c                HAL_RCC_GetClockConfig
 .text.RCC_Delay
                0x0000000008002eac       0x3c ./Drivers/STM32F1xx_HAL_Driver/stm32f1xx_hal_rcc.o
 .text.HAL_TIM_Base_Init
                0x0000000008002ee8       0x9e ./Drivers/STM32F1xx_HAL_Driver/stm32f1xx_hal_tim.o
                0x0000000008002ee8                HAL_TIM_Base_Init
 *fill*         0x0000000008002f86        0x2 
 .text.HAL_TIM_Base_Start_IT
                0x0000000008002f88       0xa4 ./Drivers/STM32F1xx_HAL_Driver/stm32f1xx_hal_tim.o
                0x0000000008002f88                HAL_TIM_Base_Start_IT
 .text.HAL_TIM_IRQHandler
                0x000000000800302c      0x210 ./Drivers/STM32F1xx_HAL_Driver/stm32f1xx_hal_tim.o
                0x000000000800302c                HAL_TIM_IRQHandler
 .text.HAL_TIM_ConfigClockSource
                0x000000000800323c      0x18e ./Drivers/STM32F1xx_HAL_Driver/stm32f1xx_hal_tim.o
                0x000000000800323c                HAL_TIM_ConfigClockSource
 .text.HAL_TIM_OC_DelayElapsedCallback
                0x00000000080033ca       0x12 ./Drivers/STM32F1xx_HAL_Driver/stm32f1xx_hal_tim.o
                0x00000000080033ca                HAL_TIM_OC_DelayElapsedCallback
 .text.HAL_TIM_IC_CaptureCallback
                0x00000000080033dc       0x12 ./Drivers/STM32F1xx_HAL_Driver/stm32f1xx_hal_tim.o
                0x00000000080033dc                HAL_TIM_IC_CaptureCallback
 .text.HAL_TIM_PWM_PulseFinishedCallback
                0x00000000080033ee       0x12 ./Drivers/STM32F1xx_HAL_Driver/stm32f1xx_hal_tim.o
                0x00000000080033ee                HAL_TIM_PWM_PulseFinishedCallback
 .text.HAL_TIM_TriggerCallback
                0x0000000008003400       0x12 ./Drivers/STM32F1xx_HAL_Driver/stm32f1xx_hal_tim.o
                0x0000000008003400                HAL_TIM_TriggerCallback
 *fill*         0x0000000008003412        0x2 
 .text.TIM_Base_SetConfig
                0x0000000008003414       0xc4 ./Drivers/STM32F1xx_HAL_Driver/stm32f1xx_hal_tim.o
                0x0000000008003414                TIM_Base_SetConfig
 .text.TIM_TI1_ConfigInputStage
                0x00000000080034d8       0x5c ./Drivers/STM32F1xx_HAL_Driver/stm32f1xx_hal_tim.o
 .text.TIM_TI2_ConfigInputStage
                0x0000000008003534       0x5e ./Drivers/STM32F1xx_HAL_Driver/stm32f1xx_hal_tim.o
 .text.TIM_ITRx_SetConfig
                0x0000000008003592       0x34 ./Drivers/STM32F1xx_HAL_Driver/stm32f1xx_hal_tim.o
 .text.TIM_ETR_SetConfig
                0x00000000080035c6       0x3e ./Drivers/STM32F1xx_HAL_Driver/stm32f1xx_hal_tim.o
                0x00000000080035c6                TIM_ETR_SetConfig
 .text.HAL_TIMEx_MasterConfigSynchronization
                0x0000000008003604       0xbc ./Drivers/STM32F1xx_HAL_Driver/stm32f1xx_hal_tim_ex.o
                0x0000000008003604                HAL_TIMEx_MasterConfigSynchronization
 .text.HAL_TIMEx_CommutCallback
                0x00000000080036c0       0x12 ./Drivers/STM32F1xx_HAL_Driver/stm32f1xx_hal_tim_ex.o
                0x00000000080036c0                HAL_TIMEx_CommutCallback
 .text.HAL_TIMEx_BreakCallback
                0x00000000080036d2       0x12 ./Drivers/STM32F1xx_HAL_Driver/stm32f1xx_hal_tim_ex.o
                0x00000000080036d2                HAL_TIMEx_BreakCallback
 .text.HAL_UART_Init
                0x00000000080036e4       0xa0 ./Drivers/STM32F1xx_HAL_Driver/stm32f1xx_hal_uart.o
                0x00000000080036e4                HAL_UART_Init
 .text.HAL_UART_Transmit
                0x0000000008003784      0x106 ./Drivers/STM32F1xx_HAL_Driver/stm32f1xx_hal_uart.o
                0x0000000008003784                HAL_UART_Transmit
 *fill*         0x000000000800388a        0x2 
 .text.HAL_UART_IRQHandler
                0x000000000800388c      0x524 ./Drivers/STM32F1xx_HAL_Driver/stm32f1xx_hal_uart.o
                0x000000000800388c                HAL_UART_IRQHandler
 .text.HAL_UART_TxCpltCallback
                0x0000000008003db0       0x12 ./Drivers/STM32F1xx_HAL_Driver/stm32f1xx_hal_uart.o
                0x0000000008003db0                HAL_UART_TxCpltCallback
 .text.HAL_UART_RxCpltCallback
                0x0000000008003dc2       0x12 ./Drivers/STM32F1xx_HAL_Driver/stm32f1xx_hal_uart.o
                0x0000000008003dc2                HAL_UART_RxCpltCallback
 .text.HAL_UART_ErrorCallback
                0x0000000008003dd4       0x12 ./Drivers/STM32F1xx_HAL_Driver/stm32f1xx_hal_uart.o
                0x0000000008003dd4                HAL_UART_ErrorCallback
 .text.HAL_UARTEx_RxEventCallback
                0x0000000008003de6       0x16 ./Drivers/STM32F1xx_HAL_Driver/stm32f1xx_hal_uart.o
                0x0000000008003de6                HAL_UARTEx_RxEventCallback
 .text.UART_WaitOnFlagUntilTimeout
                0x0000000008003dfc       0xdc ./Drivers/STM32F1xx_HAL_Driver/stm32f1xx_hal_uart.o
 .text.UART_EndRxTransfer
                0x0000000008003ed8       0xc4 ./Drivers/STM32F1xx_HAL_Driver/stm32f1xx_hal_uart.o
 .text.UART_DMAAbortOnError
                0x0000000008003f9c       0x28 ./Drivers/STM32F1xx_HAL_Driver/stm32f1xx_hal_uart.o
 .text.UART_Transmit_IT
                0x0000000008003fc4       0x9e ./Drivers/STM32F1xx_HAL_Driver/stm32f1xx_hal_uart.o
 .text.UART_EndTransmit_IT
                0x0000000008004062       0x30 ./Drivers/STM32F1xx_HAL_Driver/stm32f1xx_hal_uart.o
 .text.UART_Receive_IT
                0x0000000008004092      0x17c ./Drivers/STM32F1xx_HAL_Driver/stm32f1xx_hal_uart.o
 *fill*         0x000000000800420e        0x2 
 .text.UART_SetConfig
                0x0000000008004210      0x11c ./Drivers/STM32F1xx_HAL_Driver/stm32f1xx_hal_uart.o
 .text.osKernelInitialize
                0x000000000800432c       0x64 ./Middlewares/FreeRTOS/cmsis_os2.o
                0x000000000800432c                osKernelInitialize
 .text.osKernelStart
                0x0000000008004390       0x68 ./Middlewares/FreeRTOS/cmsis_os2.o
                0x0000000008004390                osKernelStart
 .text.osThreadNew
                0x00000000080043f8      0x154 ./Middlewares/FreeRTOS/cmsis_os2.o
                0x00000000080043f8                osThreadNew
 .text.osDelay  0x000000000800454c       0x5c ./Middlewares/FreeRTOS/cmsis_os2.o
                0x000000000800454c                osDelay
 .text.vApplicationGetIdleTaskMemory
                0x00000000080045a8       0x30 ./Middlewares/FreeRTOS/cmsis_os2.o
                0x00000000080045a8                vApplicationGetIdleTaskMemory
 .text.vApplicationGetTimerTaskMemory
                0x00000000080045d8       0x34 ./Middlewares/FreeRTOS/cmsis_os2.o
                0x00000000080045d8                vApplicationGetTimerTaskMemory
 .text.pvPortMalloc
                0x000000000800460c      0x188 ./Middlewares/FreeRTOS/heap_4.o
                0x000000000800460c                pvPortMalloc
 .text.vPortFree
                0x0000000008004794       0xb4 ./Middlewares/FreeRTOS/heap_4.o
                0x0000000008004794                vPortFree
 .text.prvHeapInit
                0x0000000008004848       0xc4 ./Middlewares/FreeRTOS/heap_4.o
 .text.prvInsertBlockIntoFreeList
                0x000000000800490c       0xb0 ./Middlewares/FreeRTOS/heap_4.o
 .text.vListInitialise
                0x00000000080049bc       0x3e ./Middlewares/FreeRTOS/list.o
                0x00000000080049bc                vListInitialise
 .text.vListInitialiseItem
                0x00000000080049fa       0x18 ./Middlewares/FreeRTOS/list.o
                0x00000000080049fa                vListInitialiseItem
 .text.vListInsertEnd
                0x0000000008004a12       0x46 ./Middlewares/FreeRTOS/list.o
                0x0000000008004a12                vListInsertEnd
 .text.vListInsert
                0x0000000008004a58       0x70 ./Middlewares/FreeRTOS/list.o
                0x0000000008004a58                vListInsert
 .text.uxListRemove
                0x0000000008004ac8       0x52 ./Middlewares/FreeRTOS/list.o
                0x0000000008004ac8                uxListRemove
 *fill*         0x0000000008004b1a        0x2 
 .text.pxPortInitialiseStack
                0x0000000008004b1c       0x58 ./Middlewares/FreeRTOS/port.o
                0x0000000008004b1c                pxPortInitialiseStack
 .text.prvTaskExitError
                0x0000000008004b74       0x58 ./Middlewares/FreeRTOS/port.o
 *fill*         0x0000000008004bcc        0x4 
 .text.SVC_Handler
                0x0000000008004bd0       0x28 ./Middlewares/FreeRTOS/port.o
                0x0000000008004bd0                SVC_Handler
 .text.prvPortStartFirstTask
                0x0000000008004bf8       0x20 ./Middlewares/FreeRTOS/port.o
 .text.xPortStartScheduler
                0x0000000008004c18       0xe4 ./Middlewares/FreeRTOS/port.o
                0x0000000008004c18                xPortStartScheduler
 .text.vPortEnterCritical
                0x0000000008004cfc       0x60 ./Middlewares/FreeRTOS/port.o
                0x0000000008004cfc                vPortEnterCritical
 .text.vPortExitCritical
                0x0000000008004d5c       0x50 ./Middlewares/FreeRTOS/port.o
                0x0000000008004d5c                vPortExitCritical
 *fill*         0x0000000008004dac        0x4 
 .text.PendSV_Handler
                0x0000000008004db0       0x48 ./Middlewares/FreeRTOS/port.o
                0x0000000008004db0                PendSV_Handler
 .text.SysTick_Handler
                0x0000000008004df8       0x44 ./Middlewares/FreeRTOS/port.o
                0x0000000008004df8                SysTick_Handler
 .text.vPortSetupTimerInterrupt
                0x0000000008004e3c       0x44 ./Middlewares/FreeRTOS/port.o
                0x0000000008004e3c                vPortSetupTimerInterrupt
 .text.vPortValidateInterruptPriority
                0x0000000008004e80       0x7c ./Middlewares/FreeRTOS/port.o
                0x0000000008004e80                vPortValidateInterruptPriority
 .text.xQueueGenericReset
                0x0000000008004efc       0xd0 ./Middlewares/FreeRTOS/queue.o
                0x0000000008004efc                xQueueGenericReset
 .text.xQueueGenericCreateStatic
                0x0000000008004fcc       0xee ./Middlewares/FreeRTOS/queue.o
                0x0000000008004fcc                xQueueGenericCreateStatic
 .text.prvInitialiseNewQueue
                0x00000000080050ba       0x46 ./Middlewares/FreeRTOS/queue.o
 .text.xQueueGenericSend
                0x0000000008005100      0x1fc ./Middlewares/FreeRTOS/queue.o
                0x0000000008005100                xQueueGenericSend
 .text.xQueueGenericSendFromISR
                0x00000000080052fc      0x130 ./Middlewares/FreeRTOS/queue.o
                0x00000000080052fc                xQueueGenericSendFromISR
 .text.xQueueReceive
                0x000000000800542c      0x1c0 ./Middlewares/FreeRTOS/queue.o
                0x000000000800542c                xQueueReceive
 .text.prvCopyDataToQueue
                0x00000000080055ec       0xd4 ./Middlewares/FreeRTOS/queue.o
 .text.prvCopyDataFromQueue
                0x00000000080056c0       0x4c ./Middlewares/FreeRTOS/queue.o
 .text.prvUnlockQueue
                0x000000000800570c       0xa4 ./Middlewares/FreeRTOS/queue.o
 .text.prvIsQueueEmpty
                0x00000000080057b0       0x2c ./Middlewares/FreeRTOS/queue.o
 .text.prvIsQueueFull
                0x00000000080057dc       0x30 ./Middlewares/FreeRTOS/queue.o
 .text.vQueueAddToRegistry
                0x000000000800580c       0x50 ./Middlewares/FreeRTOS/queue.o
                0x000000000800580c                vQueueAddToRegistry
 .text.vQueueWaitForMessageRestricted
                0x000000000800585c       0x68 ./Middlewares/FreeRTOS/queue.o
                0x000000000800585c                vQueueWaitForMessageRestricted
 .text.xTaskCreateStatic
                0x00000000080058c4       0xb8 ./Middlewares/FreeRTOS/tasks.o
                0x00000000080058c4                xTaskCreateStatic
 .text.xTaskCreate
                0x000000000800597c       0x8a ./Middlewares/FreeRTOS/tasks.o
                0x000000000800597c                xTaskCreate
 .text.prvInitialiseNewTask
                0x0000000008005a06      0x10e ./Middlewares/FreeRTOS/tasks.o
 .text.prvAddNewTaskToReadyList
                0x0000000008005b14       0xe0 ./Middlewares/FreeRTOS/tasks.o
 .text.vTaskDelay
                0x0000000008005bf4       0x68 ./Middlewares/FreeRTOS/tasks.o
                0x0000000008005bf4                vTaskDelay
 .text.vTaskStartScheduler
                0x0000000008005c5c       0xcc ./Middlewares/FreeRTOS/tasks.o
                0x0000000008005c5c                vTaskStartScheduler
 .text.vTaskSuspendAll
                0x0000000008005d28       0x1c ./Middlewares/FreeRTOS/tasks.o
                0x0000000008005d28                vTaskSuspendAll
 .text.xTaskResumeAll
                0x0000000008005d44      0x13c ./Middlewares/FreeRTOS/tasks.o
                0x0000000008005d44                xTaskResumeAll
 .text.xTaskGetTickCount
                0x0000000008005e80       0x1c ./Middlewares/FreeRTOS/tasks.o
                0x0000000008005e80                xTaskGetTickCount
 .text.xTaskIncrementTick
                0x0000000008005e9c      0x17c ./Middlewares/FreeRTOS/tasks.o
                0x0000000008005e9c                xTaskIncrementTick
 .text.vTaskSwitchContext
                0x0000000008006018       0xb8 ./Middlewares/FreeRTOS/tasks.o
                0x0000000008006018                vTaskSwitchContext
 .text.vTaskPlaceOnEventList
                0x00000000080060d0       0x48 ./Middlewares/FreeRTOS/tasks.o
                0x00000000080060d0                vTaskPlaceOnEventList
 .text.vTaskPlaceOnEventListRestricted
                0x0000000008006118       0x58 ./Middlewares/FreeRTOS/tasks.o
                0x0000000008006118                vTaskPlaceOnEventListRestricted
 .text.xTaskRemoveFromEventList
                0x0000000008006170       0xc8 ./Middlewares/FreeRTOS/tasks.o
                0x0000000008006170                xTaskRemoveFromEventList
 .text.vTaskInternalSetTimeOutState
                0x0000000008006238       0x2c ./Middlewares/FreeRTOS/tasks.o
                0x0000000008006238                vTaskInternalSetTimeOutState
 .text.xTaskCheckForTimeOut
                0x0000000008006264       0xc4 ./Middlewares/FreeRTOS/tasks.o
                0x0000000008006264                xTaskCheckForTimeOut
 .text.vTaskMissedYield
                0x0000000008006328       0x18 ./Middlewares/FreeRTOS/tasks.o
                0x0000000008006328                vTaskMissedYield
 .text.prvIdleTask
                0x0000000008006340       0x30 ./Middlewares/FreeRTOS/tasks.o
 .text.prvInitialiseTaskLists
                0x0000000008006370       0x80 ./Middlewares/FreeRTOS/tasks.o
 .text.prvCheckTasksWaitingTermination
                0x00000000080063f0       0x5c ./Middlewares/FreeRTOS/tasks.o
 .text.prvDeleteTCB
                0x000000000800644c       0x5e ./Middlewares/FreeRTOS/tasks.o
 *fill*         0x00000000080064aa        0x2 
 .text.prvResetNextTaskUnblockTime
                0x00000000080064ac       0x48 ./Middlewares/FreeRTOS/tasks.o
 .text.xTaskGetSchedulerState
                0x00000000080064f4       0x3c ./Middlewares/FreeRTOS/tasks.o
                0x00000000080064f4                xTaskGetSchedulerState
 .text.xTaskPriorityDisinherit
                0x0000000008006530       0xdc ./Middlewares/FreeRTOS/tasks.o
                0x0000000008006530                xTaskPriorityDisinherit
 .text.prvAddCurrentTaskToDelayedList
                0x000000000800660c       0xa8 ./Middlewares/FreeRTOS/tasks.o
 .text.xTimerCreateTimerTask
                0x00000000080066b4       0x90 ./Middlewares/FreeRTOS/timers.o
                0x00000000080066b4                xTimerCreateTimerTask
 .text.xTimerGenericCommand
                0x0000000008006744       0x9c ./Middlewares/FreeRTOS/timers.o
                0x0000000008006744                xTimerGenericCommand
 .text.prvProcessExpiredTimer
                0x00000000080067e0       0x80 ./Middlewares/FreeRTOS/timers.o
 .text.prvTimerTask
                0x0000000008006860       0x24 ./Middlewares/FreeRTOS/timers.o
 .text.prvProcessTimerOrBlockTask
                0x0000000008006884       0x9c ./Middlewares/FreeRTOS/timers.o
 .text.prvGetNextExpireTime
                0x0000000008006920       0x48 ./Middlewares/FreeRTOS/timers.o
 .text.prvSampleTimeNow
                0x0000000008006968       0x40 ./Middlewares/FreeRTOS/timers.o
 .text.prvInsertTimerInActiveList
                0x00000000080069a8       0x84 ./Middlewares/FreeRTOS/timers.o
 .text.prvProcessReceivedCommands
                0x0000000008006a2c      0x168 ./Middlewares/FreeRTOS/timers.o
 .text.prvSwitchTimerLists
                0x0000000008006b94       0xc4 ./Middlewares/FreeRTOS/timers.o
 .text.prvCheckForValidListAndQueue
                0x0000000008006c58       0x80 ./Middlewares/FreeRTOS/timers.o
 .text.sprintf  0x0000000008006cd8       0x40 C:/ST/STM32CubeIDE_1.13.2/STM32CubeIDE/plugins/com.st.stm32cube.ide.mcu.externaltools.gnu-tools-for-stm32.11.3.rel1.win32_1.1.1.202309131626/tools/bin/../lib/gcc/arm-none-eabi/11.3.1/../../../../arm-none-eabi/lib/thumb/v7-m/nofp\libc_nano.a(libc_a-sprintf.o)
                0x0000000008006cd8                siprintf
                0x0000000008006cd8                sprintf
 .text.memset   0x0000000008006d18       0x10 C:/ST/STM32CubeIDE_1.13.2/STM32CubeIDE/plugins/com.st.stm32cube.ide.mcu.externaltools.gnu-tools-for-stm32.11.3.rel1.win32_1.1.1.202309131626/tools/bin/../lib/gcc/arm-none-eabi/11.3.1/../../../../arm-none-eabi/lib/thumb/v7-m/nofp\libc_nano.a(libc_a-memset.o)
                0x0000000008006d18                memset
 .text.__errno  0x0000000008006d28        0xc C:/ST/STM32CubeIDE_1.13.2/STM32CubeIDE/plugins/com.st.stm32cube.ide.mcu.externaltools.gnu-tools-for-stm32.11.3.rel1.win32_1.1.1.202309131626/tools/bin/../lib/gcc/arm-none-eabi/11.3.1/../../../../arm-none-eabi/lib/thumb/v7-m/nofp\libc_nano.a(libc_a-errno.o)
                0x0000000008006d28                __errno
 .text.__libc_init_array
                0x0000000008006d34       0x48 C:/ST/STM32CubeIDE_1.13.2/STM32CubeIDE/plugins/com.st.stm32cube.ide.mcu.externaltools.gnu-tools-for-stm32.11.3.rel1.win32_1.1.1.202309131626/tools/bin/../lib/gcc/arm-none-eabi/11.3.1/../../../../arm-none-eabi/lib/thumb/v7-m/nofp\libc_nano.a(libc_a-init.o)
                0x0000000008006d34                __libc_init_array
 .text.__retarget_lock_acquire_recursive
                0x0000000008006d7c        0x2 C:/ST/STM32CubeIDE_1.13.2/STM32CubeIDE/plugins/com.st.stm32cube.ide.mcu.externaltools.gnu-tools-for-stm32.11.3.rel1.win32_1.1.1.202309131626/tools/bin/../lib/gcc/arm-none-eabi/11.3.1/../../../../arm-none-eabi/lib/thumb/v7-m/nofp\libc_nano.a(libc_a-lock.o)
                0x0000000008006d7c                __retarget_lock_acquire_recursive
 .text.__retarget_lock_release_recursive
                0x0000000008006d7e        0x2 C:/ST/STM32CubeIDE_1.13.2/STM32CubeIDE/plugins/com.st.stm32cube.ide.mcu.externaltools.gnu-tools-for-stm32.11.3.rel1.win32_1.1.1.202309131626/tools/bin/../lib/gcc/arm-none-eabi/11.3.1/../../../../arm-none-eabi/lib/thumb/v7-m/nofp\libc_nano.a(libc_a-lock.o)
                0x0000000008006d7e                __retarget_lock_release_recursive
 .text.memcpy   0x0000000008006d80       0x1c C:/ST/STM32CubeIDE_1.13.2/STM32CubeIDE/plugins/com.st.stm32cube.ide.mcu.externaltools.gnu-tools-for-stm32.11.3.rel1.win32_1.1.1.202309131626/tools/bin/../lib/gcc/arm-none-eabi/11.3.1/../../../../arm-none-eabi/lib/thumb/v7-m/nofp\libc_nano.a(libc_a-memcpy-stub.o)
                0x0000000008006d80                memcpy
 .text._free_r  0x0000000008006d9c       0x90 C:/ST/STM32CubeIDE_1.13.2/STM32CubeIDE/plugins/com.st.stm32cube.ide.mcu.externaltools.gnu-tools-for-stm32.11.3.rel1.win32_1.1.1.202309131626/tools/bin/../lib/gcc/arm-none-eabi/11.3.1/../../../../arm-none-eabi/lib/thumb/v7-m/nofp\libc_nano.a(libc_a-freer.o)
                0x0000000008006d9c                _free_r
 .text.sbrk_aligned
                0x0000000008006e2c       0x40 C:/ST/STM32CubeIDE_1.13.2/STM32CubeIDE/plugins/com.st.stm32cube.ide.mcu.externaltools.gnu-tools-for-stm32.11.3.rel1.win32_1.1.1.202309131626/tools/bin/../lib/gcc/arm-none-eabi/11.3.1/../../../../arm-none-eabi/lib/thumb/v7-m/nofp\libc_nano.a(libc_a-mallocr.o)
 .text._malloc_r
                0x0000000008006e6c      0x100 C:/ST/STM32CubeIDE_1.13.2/STM32CubeIDE/plugins/com.st.stm32cube.ide.mcu.externaltools.gnu-tools-for-stm32.11.3.rel1.win32_1.1.1.202309131626/tools/bin/../lib/gcc/arm-none-eabi/11.3.1/../../../../arm-none-eabi/lib/thumb/v7-m/nofp\libc_nano.a(libc_a-mallocr.o)
                0x0000000008006e6c                _malloc_r
 .text.__malloc_lock
                0x0000000008006f6c        0xc C:/ST/STM32CubeIDE_1.13.2/STM32CubeIDE/plugins/com.st.stm32cube.ide.mcu.externaltools.gnu-tools-for-stm32.11.3.rel1.win32_1.1.1.202309131626/tools/bin/../lib/gcc/arm-none-eabi/11.3.1/../../../../arm-none-eabi/lib/thumb/v7-m/nofp\libc_nano.a(libc_a-mlock.o)
                0x0000000008006f6c                __malloc_lock
 .text.__malloc_unlock
                0x0000000008006f78        0xc C:/ST/STM32CubeIDE_1.13.2/STM32CubeIDE/plugins/com.st.stm32cube.ide.mcu.externaltools.gnu-tools-for-stm32.11.3.rel1.win32_1.1.1.202309131626/tools/bin/../lib/gcc/arm-none-eabi/11.3.1/../../../../arm-none-eabi/lib/thumb/v7-m/nofp\libc_nano.a(libc_a-mlock.o)
                0x0000000008006f78                __malloc_unlock
 .text.__ssputs_r
                0x0000000008006f84       0xb4 C:/ST/STM32CubeIDE_1.13.2/STM32CubeIDE/plugins/com.st.stm32cube.ide.mcu.externaltools.gnu-tools-for-stm32.11.3.rel1.win32_1.1.1.202309131626/tools/bin/../lib/gcc/arm-none-eabi/11.3.1/../../../../arm-none-eabi/lib/thumb/v7-m/nofp\libc_nano.a(libc_a-nano-svfprintf.o)
                0x0000000008006f84                __ssputs_r
 .text._svfprintf_r
                0x0000000008007038      0x1fc C:/ST/STM32CubeIDE_1.13.2/STM32CubeIDE/plugins/com.st.stm32cube.ide.mcu.externaltools.gnu-tools-for-stm32.11.3.rel1.win32_1.1.1.202309131626/tools/bin/../lib/gcc/arm-none-eabi/11.3.1/../../../../arm-none-eabi/lib/thumb/v7-m/nofp\libc_nano.a(libc_a-nano-svfprintf.o)
                0x0000000008007038                _svfiprintf_r
                0x0000000008007038                _svfprintf_r
 .text._printf_common
                0x0000000008007234       0xe4 C:/ST/STM32CubeIDE_1.13.2/STM32CubeIDE/plugins/com.st.stm32cube.ide.mcu.externaltools.gnu-tools-for-stm32.11.3.rel1.win32_1.1.1.202309131626/tools/bin/../lib/gcc/arm-none-eabi/11.3.1/../../../../arm-none-eabi/lib/thumb/v7-m/nofp\libc_nano.a(libc_a-nano-vfprintf_i.o)
                0x0000000008007234                _printf_common
 .text._printf_i
                0x0000000008007318      0x244 C:/ST/STM32CubeIDE_1.13.2/STM32CubeIDE/plugins/com.st.stm32cube.ide.mcu.externaltools.gnu-tools-for-stm32.11.3.rel1.win32_1.1.1.202309131626/tools/bin/../lib/gcc/arm-none-eabi/11.3.1/../../../../arm-none-eabi/lib/thumb/v7-m/nofp\libc_nano.a(libc_a-nano-vfprintf_i.o)
                0x0000000008007318                _printf_i
 .text.memmove  0x000000000800755c       0x34 C:/ST/STM32CubeIDE_1.13.2/STM32CubeIDE/plugins/com.st.stm32cube.ide.mcu.externaltools.gnu-tools-for-stm32.11.3.rel1.win32_1.1.1.202309131626/tools/bin/../lib/gcc/arm-none-eabi/11.3.1/../../../../arm-none-eabi/lib/thumb/v7-m/nofp\libc_nano.a(libc_a-memmove.o)
                0x000000000800755c                memmove
 .text._sbrk_r  0x0000000008007590       0x20 C:/ST/STM32CubeIDE_1.13.2/STM32CubeIDE/plugins/com.st.stm32cube.ide.mcu.externaltools.gnu-tools-for-stm32.11.3.rel1.win32_1.1.1.202309131626/tools/bin/../lib/gcc/arm-none-eabi/11.3.1/../../../../arm-none-eabi/lib/thumb/v7-m/nofp\libc_nano.a(libc_a-sbrkr.o)
                0x0000000008007590                _sbrk_r
 .text.memchr   0x00000000080075b0       0x1c C:/ST/STM32CubeIDE_1.13.2/STM32CubeIDE/plugins/com.st.stm32cube.ide.mcu.externaltools.gnu-tools-for-stm32.11.3.rel1.win32_1.1.1.202309131626/tools/bin/../lib/gcc/arm-none-eabi/11.3.1/../../../../arm-none-eabi/lib/thumb/v7-m/nofp\libc_nano.a(libc_a-memchr-stub.o)
                0x00000000080075b0                memchr
 .text._realloc_r
                0x00000000080075cc       0x5e C:/ST/STM32CubeIDE_1.13.2/STM32CubeIDE/plugins/com.st.stm32cube.ide.mcu.externaltools.gnu-tools-for-stm32.11.3.rel1.win32_1.1.1.202309131626/tools/bin/../lib/gcc/arm-none-eabi/11.3.1/../../../../arm-none-eabi/lib/thumb/v7-m/nofp\libc_nano.a(libc_a-reallocr.o)
                0x00000000080075cc                _realloc_r
 .text._malloc_usable_size_r
                0x000000000800762a       0x10 C:/ST/STM32CubeIDE_1.13.2/STM32CubeIDE/plugins/com.st.stm32cube.ide.mcu.externaltools.gnu-tools-for-stm32.11.3.rel1.win32_1.1.1.202309131626/tools/bin/../lib/gcc/arm-none-eabi/11.3.1/../../../../arm-none-eabi/lib/thumb/v7-m/nofp\libc_nano.a(libc_a-msizer.o)
                0x000000000800762a                _malloc_usable_size_r
 *(.glue_7)
 .glue_7        0x000000000800763a        0x0 linker stubs
 *(.glue_7t)
 .glue_7t       0x000000000800763a        0x0 linker stubs
 *(.eh_frame)
 *fill*         0x000000000800763a        0x2 
 .eh_frame      0x000000000800763c        0x0 C:/ST/STM32CubeIDE_1.13.2/STM32CubeIDE/plugins/com.st.stm32cube.ide.mcu.externaltools.gnu-tools-for-stm32.11.3.rel1.win32_1.1.1.202309131626/tools/bin/../lib/gcc/arm-none-eabi/11.3.1/thumb/v7-m/nofp/crtbegin.o
 *(.init)
 .init          0x000000000800763c        0x4 C:/ST/STM32CubeIDE_1.13.2/STM32CubeIDE/plugins/com.st.stm32cube.ide.mcu.externaltools.gnu-tools-for-stm32.11.3.rel1.win32_1.1.1.202309131626/tools/bin/../lib/gcc/arm-none-eabi/11.3.1/thumb/v7-m/nofp/crti.o
                0x000000000800763c                _init
 .init          0x0000000008007640        0x8 C:/ST/STM32CubeIDE_1.13.2/STM32CubeIDE/plugins/com.st.stm32cube.ide.mcu.externaltools.gnu-tools-for-stm32.11.3.rel1.win32_1.1.1.202309131626/tools/bin/../lib/gcc/arm-none-eabi/11.3.1/thumb/v7-m/nofp/crtn.o
 *(.fini)
 .fini          0x0000000008007648        0x4 C:/ST/STM32CubeIDE_1.13.2/STM32CubeIDE/plugins/com.st.stm32cube.ide.mcu.externaltools.gnu-tools-for-stm32.11.3.rel1.win32_1.1.1.202309131626/tools/bin/../lib/gcc/arm-none-eabi/11.3.1/thumb/v7-m/nofp/crti.o
                0x0000000008007648                _fini
 .fini          0x000000000800764c        0x8 C:/ST/STM32CubeIDE_1.13.2/STM32CubeIDE/plugins/com.st.stm32cube.ide.mcu.externaltools.gnu-tools-for-stm32.11.3.rel1.win32_1.1.1.202309131626/tools/bin/../lib/gcc/arm-none-eabi/11.3.1/thumb/v7-m/nofp/crtn.o
                0x0000000008007654                . = ALIGN (0x4)
                0x0000000008007654                _etext = .

.vfp11_veneer   0x0000000008007654        0x0
 .vfp11_veneer  0x0000000008007654        0x0 linker stubs

.v4_bx          0x0000000008007654        0x0
 .v4_bx         0x0000000008007654        0x0 linker stubs

.iplt           0x0000000008007654        0x0
 .iplt          0x0000000008007654        0x0 C:/ST/STM32CubeIDE_1.13.2/STM32CubeIDE/plugins/com.st.stm32cube.ide.mcu.externaltools.gnu-tools-for-stm32.11.3.rel1.win32_1.1.1.202309131626/tools/bin/../lib/gcc/arm-none-eabi/11.3.1/thumb/v7-m/nofp/crtbegin.o

.rodata         0x0000000008007654       0xe0
                0x0000000008007654                . = ALIGN (0x4)
 *(.rodata)
 .rodata        0x0000000008007654       0x1f ./Core/Src/main.o
 *fill*         0x0000000008007673        0x1 
 .rodata        0x0000000008007674        0x5 ./Middlewares/FreeRTOS/tasks.o
 *fill*         0x0000000008007679        0x3 
 .rodata        0x000000000800767c        0xd ./Middlewares/FreeRTOS/timers.o
 *(.rodata*)
 *fill*         0x0000000008007689        0x3 
 .rodata.Service_ComTask_attributes
                0x000000000800768c       0x24 ./Core/Src/main.o
                0x000000000800768c                Service_ComTask_attributes
 .rodata.ButtonTask_attributes
                0x00000000080076b0       0x24 ./Core/Src/main.o
                0x00000000080076b0                ButtonTask_attributes
 .rodata.AHBPrescTable
                0x00000000080076d4       0x10 ./Core/Src/system_stm32f1xx.o
                0x00000000080076d4                AHBPrescTable
 .rodata.APBPrescTable
                0x00000000080076e4        0x8 ./Core/Src/system_stm32f1xx.o
                0x00000000080076e4                APBPrescTable
 .rodata.aPLLMULFactorTable.1
                0x00000000080076ec       0x10 ./Drivers/STM32F1xx_HAL_Driver/stm32f1xx_hal_rcc.o
 .rodata.aPredivFactorTable.0
                0x00000000080076fc        0x2 ./Drivers/STM32F1xx_HAL_Driver/stm32f1xx_hal_rcc.o
 .rodata._svfprintf_r.str1.1
                0x00000000080076fe       0x11 C:/ST/STM32CubeIDE_1.13.2/STM32CubeIDE/plugins/com.st.stm32cube.ide.mcu.externaltools.gnu-tools-for-stm32.11.3.rel1.win32_1.1.1.202309131626/tools/bin/../lib/gcc/arm-none-eabi/11.3.1/../../../../arm-none-eabi/lib/thumb/v7-m/nofp\libc_nano.a(libc_a-nano-svfprintf.o)
 .rodata._printf_i.str1.1
                0x000000000800770f       0x22 C:/ST/STM32CubeIDE_1.13.2/STM32CubeIDE/plugins/com.st.stm32cube.ide.mcu.externaltools.gnu-tools-for-stm32.11.3.rel1.win32_1.1.1.202309131626/tools/bin/../lib/gcc/arm-none-eabi/11.3.1/../../../../arm-none-eabi/lib/thumb/v7-m/nofp\libc_nano.a(libc_a-nano-vfprintf_i.o)
                0x0000000008007734                . = ALIGN (0x4)
 *fill*         0x0000000008007731        0x3 

.rel.dyn        0x0000000008007734        0x0
 .rel.iplt      0x0000000008007734        0x0 C:/ST/STM32CubeIDE_1.13.2/STM32CubeIDE/plugins/com.st.stm32cube.ide.mcu.externaltools.gnu-tools-for-stm32.11.3.rel1.win32_1.1.1.202309131626/tools/bin/../lib/gcc/arm-none-eabi/11.3.1/thumb/v7-m/nofp/crtbegin.o

.ARM.extab      0x0000000008007734        0x0
                0x0000000008007734                . = ALIGN (0x4)
 *(.ARM.extab* .gnu.linkonce.armextab.*)
                0x0000000008007734                . = ALIGN (0x4)

.ARM            0x0000000008007734        0x0
                0x0000000008007734                . = ALIGN (0x4)
                0x0000000008007734                __exidx_start = .
 *(.ARM.exidx*)
                0x0000000008007734                __exidx_end = .
                0x0000000008007734                . = ALIGN (0x4)

.preinit_array  0x0000000008007734        0x0
                0x0000000008007734                . = ALIGN (0x4)
                0x0000000008007734                PROVIDE (__preinit_array_start = .)
 *(.preinit_array*)
                0x0000000008007734                PROVIDE (__preinit_array_end = .)
                0x0000000008007734                . = ALIGN (0x4)

.init_array     0x0000000008007734        0x4
                0x0000000008007734                . = ALIGN (0x4)
                0x0000000008007734                PROVIDE (__init_array_start = .)
 *(SORT_BY_NAME(.init_array.*))
 *(.init_array*)
 .init_array    0x0000000008007734        0x4 C:/ST/STM32CubeIDE_1.13.2/STM32CubeIDE/plugins/com.st.stm32cube.ide.mcu.externaltools.gnu-tools-for-stm32.11.3.rel1.win32_1.1.1.202309131626/tools/bin/../lib/gcc/arm-none-eabi/11.3.1/thumb/v7-m/nofp/crtbegin.o
                0x0000000008007738                PROVIDE (__init_array_end = .)
                0x0000000008007738                . = ALIGN (0x4)

.fini_array     0x0000000008007738        0x4
                0x0000000008007738                . = ALIGN (0x4)
                [!provide]                        PROVIDE (__fini_array_start = .)
 *(SORT_BY_NAME(.fini_array.*))
 *(.fini_array*)
 .fini_array    0x0000000008007738        0x4 C:/ST/STM32CubeIDE_1.13.2/STM32CubeIDE/plugins/com.st.stm32cube.ide.mcu.externaltools.gnu-tools-for-stm32.11.3.rel1.win32_1.1.1.202309131626/tools/bin/../lib/gcc/arm-none-eabi/11.3.1/thumb/v7-m/nofp/crtbegin.o
                [!provide]                        PROVIDE (__fini_array_end = .)
                0x000000000800773c                . = ALIGN (0x4)
                0x000000000800773c                _sidata = LOADADDR (.data)

.data           0x0000000020000000       0x80 load address 0x000000000800773c
                0x0000000020000000                . = ALIGN (0x4)
                0x0000000020000000                _sdata = .
 *(.data)
 *(.data*)
 .data.btn1_press_flag
                0x0000000020000000        0x1 ./Core/Src/button.o
                0x0000000020000000                btn1_press_flag
 .data.btn2_press_flag
                0x0000000020000001        0x1 ./Core/Src/button.o
                0x0000000020000001                btn2_press_flag
 *fill*         0x0000000020000002        0x2 
 .data.ReadRq_TxData
                0x0000000020000004        0x8 ./Core/Src/main.o
                0x0000000020000004                ReadRq_TxData
 .data.SecARq_TxData
                0x000000002000000c        0x8 ./Core/Src/main.o
                0x000000002000000c                SecARq_TxData
 .data.WriteRq_TxData
                0x0000000020000014        0x8 ./Core/Src/main.o
                0x0000000020000014                WriteRq_TxData
 .data.MaxConsecutiveFrame_count
                0x000000002000001c        0x1 ./Core/Src/main.o
                0x000000002000001c                MaxConsecutiveFrame_count
 .data.sequence_num
                0x000000002000001d        0x1 ./Core/Src/main.o
                0x000000002000001d                sequence_num
 *fill*         0x000000002000001e        0x2 
 .data.SystemCoreClock
                0x0000000020000020        0x4 ./Core/Src/system_stm32f1xx.o
                0x0000000020000020                SystemCoreClock
 .data.uwTickPrio
                0x0000000020000024        0x4 ./Drivers/STM32F1xx_HAL_Driver/stm32f1xx_hal.o
                0x0000000020000024                uwTickPrio
 .data.uwTickFreq
                0x0000000020000028        0x1 ./Drivers/STM32F1xx_HAL_Driver/stm32f1xx_hal.o
                0x0000000020000028                uwTickFreq
 *fill*         0x0000000020000029        0x3 
 .data.uxCriticalNesting
                0x000000002000002c        0x4 ./Middlewares/FreeRTOS/port.o
 .data._impure_data
                0x0000000020000030       0x4c C:/ST/STM32CubeIDE_1.13.2/STM32CubeIDE/plugins/com.st.stm32cube.ide.mcu.externaltools.gnu-tools-for-stm32.11.3.rel1.win32_1.1.1.202309131626/tools/bin/../lib/gcc/arm-none-eabi/11.3.1/../../../../arm-none-eabi/lib/thumb/v7-m/nofp\libc_nano.a(libc_a-impure.o)
                0x0000000020000030                _impure_data
 .data._impure_ptr
                0x000000002000007c        0x4 C:/ST/STM32CubeIDE_1.13.2/STM32CubeIDE/plugins/com.st.stm32cube.ide.mcu.externaltools.gnu-tools-for-stm32.11.3.rel1.win32_1.1.1.202309131626/tools/bin/../lib/gcc/arm-none-eabi/11.3.1/../../../../arm-none-eabi/lib/thumb/v7-m/nofp\libc_nano.a(libc_a-impure.o)
                0x000000002000007c                _impure_ptr
 *(.RamFunc)
 *(.RamFunc*)
                0x0000000020000080                . = ALIGN (0x4)
                0x0000000020000080                _edata = .

.igot.plt       0x0000000020000080        0x0 load address 0x00000000080077bc
 .igot.plt      0x0000000020000080        0x0 C:/ST/STM32CubeIDE_1.13.2/STM32CubeIDE/plugins/com.st.stm32cube.ide.mcu.externaltools.gnu-tools-for-stm32.11.3.rel1.win32_1.1.1.202309131626/tools/bin/../lib/gcc/arm-none-eabi/11.3.1/thumb/v7-m/nofp/crtbegin.o
                0x0000000020000080                . = ALIGN (0x4)

.bss            0x0000000020000080     0x1c88 load address 0x00000000080077bc
                0x0000000020000080                _sbss = .
                0x0000000020000080                __bss_start__ = _sbss
 *(.bss)
 .bss           0x0000000020000080       0x1c C:/ST/STM32CubeIDE_1.13.2/STM32CubeIDE/plugins/com.st.stm32cube.ide.mcu.externaltools.gnu-tools-for-stm32.11.3.rel1.win32_1.1.1.202309131626/tools/bin/../lib/gcc/arm-none-eabi/11.3.1/thumb/v7-m/nofp/crtbegin.o
 *(.bss*)
 .bss.long_press_detect
                0x000000002000009c        0x1 ./Core/Src/button.o
                0x000000002000009c                long_press_detect
 .bss.test_flag_twicepress
                0x000000002000009d        0x1 ./Core/Src/button.o
                0x000000002000009d                test_flag_twicepress
 *fill*         0x000000002000009e        0x2 
 .bss.hcan      0x00000000200000a0       0x28 ./Core/Src/main.o
                0x00000000200000a0                hcan
 .bss.htim4     0x00000000200000c8       0x48 ./Core/Src/main.o
                0x00000000200000c8                htim4
 .bss.huart1    0x0000000020000110       0x48 ./Core/Src/main.o
                0x0000000020000110                huart1
 .bss.Service_ComTaskHandle
                0x0000000020000158        0x4 ./Core/Src/main.o
                0x0000000020000158                Service_ComTaskHandle
 .bss.ButtonTaskHandle
                0x000000002000015c        0x4 ./Core/Src/main.o
                0x000000002000015c                ButtonTaskHandle
 .bss.Tester_TxHeader
                0x0000000020000160       0x18 ./Core/Src/main.o
                0x0000000020000160                Tester_TxHeader
 .bss.Tester_RxHeader
                0x0000000020000178       0x1c ./Core/Src/main.o
                0x0000000020000178                Tester_RxHeader
 .bss.Tester_TxMailbox
                0x0000000020000194        0x4 ./Core/Src/main.o
                0x0000000020000194                Tester_TxMailbox
 .bss.Tester_RxData
                0x0000000020000198        0x8 ./Core/Src/main.o
                0x0000000020000198                Tester_RxData
 .bss.UnlockRq_TxData
                0x00000000200001a0        0x8 ./Core/Src/main.o
                0x00000000200001a0                UnlockRq_TxData
 .bss.KeySend_TxData
                0x00000000200001a8        0x8 ./Core/Src/main.o
                0x00000000200001a8                KeySend_TxData
 .bss.Tx_Buffer
                0x00000000200001b0       0x37 ./Core/Src/main.o
                0x00000000200001b0                Tx_Buffer
 .bss.FT_String
                0x00000000200001e7        0x1 ./Core/Src/main.o
                0x00000000200001e7                FT_String
 .bss.FrameType
                0x00000000200001e8        0x1 ./Core/Src/main.o
                0x00000000200001e8                FrameType
 .bss.flag_read_response
                0x00000000200001e9        0x1 ./Core/Src/main.o
                0x00000000200001e9                flag_read_response
 .bss.security_flag
                0x00000000200001ea        0x1 ./Core/Src/main.o
                0x00000000200001ea                security_flag
 .bss.error_flag
                0x00000000200001eb        0x1 ./Core/Src/main.o
                0x00000000200001eb                error_flag
 .bss.request_seedsend_flag
                0x00000000200001ec        0x1 ./Core/Src/main.o
                0x00000000200001ec                request_seedsend_flag
 .bss.send_firstframe_flag
                0x00000000200001ed        0x1 ./Core/Src/main.o
                0x00000000200001ed                send_firstframe_flag
 .bss.timer_cnt
                0x00000000200001ee        0x2 ./Core/Src/main.o
                0x00000000200001ee                timer_cnt
 .bss.index_array
                0x00000000200001f0        0x2 ./Core/Src/main.o
                0x00000000200001f0                index_array
 .bss.prev_index_array
                0x00000000200001f2        0x2 ./Core/Src/main.o
                0x00000000200001f2                prev_index_array
 .bss.BTN1      0x00000000200001f4       0x18 ./Core/Src/main.o
                0x00000000200001f4                BTN1
 .bss.button_sig
                0x000000002000020c        0x1 ./Core/Src/main.o
                0x000000002000020c                button_sig
 .bss.tester_state
                0x000000002000020d        0x1 ./Core/Src/main.o
                0x000000002000020d                tester_state
 .bss.security_state
                0x000000002000020e        0x1 ./Core/Src/main.o
                0x000000002000020e                security_state
 .bss.multiflow_state
                0x000000002000020f        0x1 ./Core/Src/main.o
                0x000000002000020f                multiflow_state
 .bss.write_state
                0x0000000020000210        0x1 ./Core/Src/main.o
                0x0000000020000210                write_state
 *fill*         0x0000000020000211        0x3 
 .bss.key       0x0000000020000214       0x10 ./Core/Src/main.o
                0x0000000020000214                key
 .bss.seed      0x0000000020000224        0x4 ./Core/Src/main.o
                0x0000000020000224                seed
 .bss.htim1     0x0000000020000228       0x48 ./Core/Src/stm32f1xx_hal_timebase_tim.o
                0x0000000020000228                htim1
 .bss.__sbrk_heap_end
                0x0000000020000270        0x4 ./Core/Src/sysmem.o
 .bss.uwTick    0x0000000020000274        0x4 ./Drivers/STM32F1xx_HAL_Driver/stm32f1xx_hal.o
                0x0000000020000274                uwTick
 .bss.KernelState
                0x0000000020000278        0x4 ./Middlewares/FreeRTOS/cmsis_os2.o
 .bss.Idle_TCB  0x000000002000027c       0x5c ./Middlewares/FreeRTOS/cmsis_os2.o
 .bss.Idle_Stack
                0x00000000200002d8      0x200 ./Middlewares/FreeRTOS/cmsis_os2.o
 .bss.Timer_TCB
                0x00000000200004d8       0x5c ./Middlewares/FreeRTOS/cmsis_os2.o
 .bss.Timer_Stack
                0x0000000020000534      0x400 ./Middlewares/FreeRTOS/cmsis_os2.o
 .bss.ucHeap    0x0000000020000934      0xc00 ./Middlewares/FreeRTOS/heap_4.o
 .bss.xStart    0x0000000020001534        0x8 ./Middlewares/FreeRTOS/heap_4.o
 .bss.pxEnd     0x000000002000153c        0x4 ./Middlewares/FreeRTOS/heap_4.o
 .bss.xFreeBytesRemaining
                0x0000000020001540        0x4 ./Middlewares/FreeRTOS/heap_4.o
 .bss.xMinimumEverFreeBytesRemaining
                0x0000000020001544        0x4 ./Middlewares/FreeRTOS/heap_4.o
 .bss.xBlockAllocatedBit
                0x0000000020001548        0x4 ./Middlewares/FreeRTOS/heap_4.o
 .bss.ucMaxSysCallPriority
                0x000000002000154c        0x1 ./Middlewares/FreeRTOS/port.o
 *fill*         0x000000002000154d        0x3 
 .bss.ulMaxPRIGROUPValue
                0x0000000020001550        0x4 ./Middlewares/FreeRTOS/port.o
 .bss.xQueueRegistry
                0x0000000020001554       0x40 ./Middlewares/FreeRTOS/queue.o
                0x0000000020001554                xQueueRegistry
 .bss.pxCurrentTCB
                0x0000000020001594        0x4 ./Middlewares/FreeRTOS/tasks.o
                0x0000000020001594                pxCurrentTCB
 .bss.pxReadyTasksLists
                0x0000000020001598      0x460 ./Middlewares/FreeRTOS/tasks.o
 .bss.xDelayedTaskList1
                0x00000000200019f8       0x14 ./Middlewares/FreeRTOS/tasks.o
 .bss.xDelayedTaskList2
                0x0000000020001a0c       0x14 ./Middlewares/FreeRTOS/tasks.o
 .bss.pxDelayedTaskList
                0x0000000020001a20        0x4 ./Middlewares/FreeRTOS/tasks.o
 .bss.pxOverflowDelayedTaskList
                0x0000000020001a24        0x4 ./Middlewares/FreeRTOS/tasks.o
 .bss.xPendingReadyList
                0x0000000020001a28       0x14 ./Middlewares/FreeRTOS/tasks.o
 .bss.xTasksWaitingTermination
                0x0000000020001a3c       0x14 ./Middlewares/FreeRTOS/tasks.o
 .bss.uxDeletedTasksWaitingCleanUp
                0x0000000020001a50        0x4 ./Middlewares/FreeRTOS/tasks.o
 .bss.xSuspendedTaskList
                0x0000000020001a54       0x14 ./Middlewares/FreeRTOS/tasks.o
 .bss.uxCurrentNumberOfTasks
                0x0000000020001a68        0x4 ./Middlewares/FreeRTOS/tasks.o
 .bss.xTickCount
                0x0000000020001a6c        0x4 ./Middlewares/FreeRTOS/tasks.o
 .bss.uxTopReadyPriority
                0x0000000020001a70        0x4 ./Middlewares/FreeRTOS/tasks.o
 .bss.xSchedulerRunning
                0x0000000020001a74        0x4 ./Middlewares/FreeRTOS/tasks.o
 .bss.uxPendedTicks
                0x0000000020001a78        0x4 ./Middlewares/FreeRTOS/tasks.o
 .bss.xYieldPending
                0x0000000020001a7c        0x4 ./Middlewares/FreeRTOS/tasks.o
 .bss.xNumOfOverflows
                0x0000000020001a80        0x4 ./Middlewares/FreeRTOS/tasks.o
 .bss.uxTaskNumber
                0x0000000020001a84        0x4 ./Middlewares/FreeRTOS/tasks.o
 .bss.xNextTaskUnblockTime
                0x0000000020001a88        0x4 ./Middlewares/FreeRTOS/tasks.o
 .bss.xIdleTaskHandle
                0x0000000020001a8c        0x4 ./Middlewares/FreeRTOS/tasks.o
 .bss.uxSchedulerSuspended
                0x0000000020001a90        0x4 ./Middlewares/FreeRTOS/tasks.o
 .bss.xActiveTimerList1
                0x0000000020001a94       0x14 ./Middlewares/FreeRTOS/timers.o
 .bss.xActiveTimerList2
                0x0000000020001aa8       0x14 ./Middlewares/FreeRTOS/timers.o
 .bss.pxCurrentTimerList
                0x0000000020001abc        0x4 ./Middlewares/FreeRTOS/timers.o
 .bss.pxOverflowTimerList
                0x0000000020001ac0        0x4 ./Middlewares/FreeRTOS/timers.o
 .bss.xTimerQueue
                0x0000000020001ac4        0x4 ./Middlewares/FreeRTOS/timers.o
 .bss.xTimerTaskHandle
                0x0000000020001ac8        0x4 ./Middlewares/FreeRTOS/timers.o
 .bss.xLastTime.2
                0x0000000020001acc        0x4 ./Middlewares/FreeRTOS/timers.o
 .bss.ucStaticTimerQueueStorage.1
                0x0000000020001ad0       0xa0 ./Middlewares/FreeRTOS/timers.o
 .bss.xStaticTimerQueue.0
                0x0000000020001b70       0x50 ./Middlewares/FreeRTOS/timers.o
 .bss.__sf      0x0000000020001bc0      0x138 C:/ST/STM32CubeIDE_1.13.2/STM32CubeIDE/plugins/com.st.stm32cube.ide.mcu.externaltools.gnu-tools-for-stm32.11.3.rel1.win32_1.1.1.202309131626/tools/bin/../lib/gcc/arm-none-eabi/11.3.1/../../../../arm-none-eabi/lib/thumb/v7-m/nofp\libc_nano.a(libc_a-findfp.o)
                0x0000000020001bc0                __sf
 .bss.errno     0x0000000020001cf8        0x4 C:/ST/STM32CubeIDE_1.13.2/STM32CubeIDE/plugins/com.st.stm32cube.ide.mcu.externaltools.gnu-tools-for-stm32.11.3.rel1.win32_1.1.1.202309131626/tools/bin/../lib/gcc/arm-none-eabi/11.3.1/../../../../arm-none-eabi/lib/thumb/v7-m/nofp\libc_nano.a(libc_a-reent.o)
                0x0000000020001cf8                errno
 .bss.__lock___malloc_recursive_mutex
                0x0000000020001cfc        0x1 C:/ST/STM32CubeIDE_1.13.2/STM32CubeIDE/plugins/com.st.stm32cube.ide.mcu.externaltools.gnu-tools-for-stm32.11.3.rel1.win32_1.1.1.202309131626/tools/bin/../lib/gcc/arm-none-eabi/11.3.1/../../../../arm-none-eabi/lib/thumb/v7-m/nofp\libc_nano.a(libc_a-lock.o)
                0x0000000020001cfc                __lock___malloc_recursive_mutex
 *fill*         0x0000000020001cfd        0x3 
 .bss.__malloc_free_list
                0x0000000020001d00        0x4 C:/ST/STM32CubeIDE_1.13.2/STM32CubeIDE/plugins/com.st.stm32cube.ide.mcu.externaltools.gnu-tools-for-stm32.11.3.rel1.win32_1.1.1.202309131626/tools/bin/../lib/gcc/arm-none-eabi/11.3.1/../../../../arm-none-eabi/lib/thumb/v7-m/nofp\libc_nano.a(libc_a-mallocr.o)
                0x0000000020001d00                __malloc_free_list
 .bss.__malloc_sbrk_start
                0x0000000020001d04        0x4 C:/ST/STM32CubeIDE_1.13.2/STM32CubeIDE/plugins/com.st.stm32cube.ide.mcu.externaltools.gnu-tools-for-stm32.11.3.rel1.win32_1.1.1.202309131626/tools/bin/../lib/gcc/arm-none-eabi/11.3.1/../../../../arm-none-eabi/lib/thumb/v7-m/nofp\libc_nano.a(libc_a-mallocr.o)
                0x0000000020001d04                __malloc_sbrk_start
 *(COMMON)
                0x0000000020001d08                . = ALIGN (0x4)
                0x0000000020001d08                _ebss = .
                0x0000000020001d08                __bss_end__ = _ebss

._user_heap_stack
                0x0000000020001d08      0x600 load address 0x00000000080077bc
                0x0000000020001d08                . = ALIGN (0x8)
                [!provide]                        PROVIDE (end = .)
                0x0000000020001d08                PROVIDE (_end = .)
                0x0000000020001f08                . = (. + _Min_Heap_Size)
 *fill*         0x0000000020001d08      0x200 
                0x0000000020002308                . = (. + _Min_Stack_Size)
 *fill*         0x0000000020001f08      0x400 
                0x0000000020002308                . = ALIGN (0x8)

/DISCARD/
 libc.a(*)
 libm.a(*)
 libgcc.a(*)

.ARM.attributes
                0x0000000000000000       0x29
 *(.ARM.attributes)
 .ARM.attributes
                0x0000000000000000       0x1d C:/ST/STM32CubeIDE_1.13.2/STM32CubeIDE/plugins/com.st.stm32cube.ide.mcu.externaltools.gnu-tools-for-stm32.11.3.rel1.win32_1.1.1.202309131626/tools/bin/../lib/gcc/arm-none-eabi/11.3.1/thumb/v7-m/nofp/crti.o
 .ARM.attributes
                0x000000000000001d       0x2d C:/ST/STM32CubeIDE_1.13.2/STM32CubeIDE/plugins/com.st.stm32cube.ide.mcu.externaltools.gnu-tools-for-stm32.11.3.rel1.win32_1.1.1.202309131626/tools/bin/../lib/gcc/arm-none-eabi/11.3.1/thumb/v7-m/nofp/crtbegin.o
 .ARM.attributes
                0x000000000000004a       0x2d ./Core/Src/button.o
 .ARM.attributes
                0x0000000000000077       0x2d ./Core/Src/main.o
 .ARM.attributes
                0x00000000000000a4       0x2d ./Core/Src/stm32f1xx_hal_msp.o
 .ARM.attributes
                0x00000000000000d1       0x2d ./Core/Src/stm32f1xx_hal_timebase_tim.o
 .ARM.attributes
                0x00000000000000fe       0x2d ./Core/Src/stm32f1xx_it.o
 .ARM.attributes
                0x000000000000012b       0x2d ./Core/Src/sysmem.o
 .ARM.attributes
                0x0000000000000158       0x2d ./Core/Src/system_stm32f1xx.o
 .ARM.attributes
                0x0000000000000185       0x21 ./Core/Startup/startup_stm32f103c8tx.o
 .ARM.attributes
                0x00000000000001a6       0x2d ./Drivers/STM32F1xx_HAL_Driver/stm32f1xx_hal.o
 .ARM.attributes
                0x00000000000001d3       0x2d ./Drivers/STM32F1xx_HAL_Driver/stm32f1xx_hal_can.o
 .ARM.attributes
                0x0000000000000200       0x2d ./Drivers/STM32F1xx_HAL_Driver/stm32f1xx_hal_cortex.o
 .ARM.attributes
                0x000000000000022d       0x2d ./Drivers/STM32F1xx_HAL_Driver/stm32f1xx_hal_dma.o
 .ARM.attributes
                0x000000000000025a       0x2d ./Drivers/STM32F1xx_HAL_Driver/stm32f1xx_hal_gpio.o
 .ARM.attributes
                0x0000000000000287       0x2d ./Drivers/STM32F1xx_HAL_Driver/stm32f1xx_hal_rcc.o
 .ARM.attributes
                0x00000000000002b4       0x2d ./Drivers/STM32F1xx_HAL_Driver/stm32f1xx_hal_tim.o
 .ARM.attributes
                0x00000000000002e1       0x2d ./Drivers/STM32F1xx_HAL_Driver/stm32f1xx_hal_tim_ex.o
 .ARM.attributes
                0x000000000000030e       0x2d ./Drivers/STM32F1xx_HAL_Driver/stm32f1xx_hal_uart.o
 .ARM.attributes
                0x000000000000033b       0x2d ./Middlewares/FreeRTOS/cmsis_os2.o
 .ARM.attributes
                0x0000000000000368       0x2d ./Middlewares/FreeRTOS/heap_4.o
 .ARM.attributes
                0x0000000000000395       0x2d ./Middlewares/FreeRTOS/list.o
 .ARM.attributes
                0x00000000000003c2       0x2d ./Middlewares/FreeRTOS/port.o
 .ARM.attributes
                0x00000000000003ef       0x2d ./Middlewares/FreeRTOS/queue.o
 .ARM.attributes
                0x000000000000041c       0x2d ./Middlewares/FreeRTOS/tasks.o
 .ARM.attributes
                0x0000000000000449       0x2d ./Middlewares/FreeRTOS/timers.o
 .ARM.attributes
                0x0000000000000476       0x2d C:/ST/STM32CubeIDE_1.13.2/STM32CubeIDE/plugins/com.st.stm32cube.ide.mcu.externaltools.gnu-tools-for-stm32.11.3.rel1.win32_1.1.1.202309131626/tools/bin/../lib/gcc/arm-none-eabi/11.3.1/../../../../arm-none-eabi/lib/thumb/v7-m/nofp\libc_nano.a(libc_a-findfp.o)
 .ARM.attributes
                0x00000000000004a3       0x2d C:/ST/STM32CubeIDE_1.13.2/STM32CubeIDE/plugins/com.st.stm32cube.ide.mcu.externaltools.gnu-tools-for-stm32.11.3.rel1.win32_1.1.1.202309131626/tools/bin/../lib/gcc/arm-none-eabi/11.3.1/../../../../arm-none-eabi/lib/thumb/v7-m/nofp\libc_nano.a(libc_a-sprintf.o)
 .ARM.attributes
                0x00000000000004d0       0x2d C:/ST/STM32CubeIDE_1.13.2/STM32CubeIDE/plugins/com.st.stm32cube.ide.mcu.externaltools.gnu-tools-for-stm32.11.3.rel1.win32_1.1.1.202309131626/tools/bin/../lib/gcc/arm-none-eabi/11.3.1/../../../../arm-none-eabi/lib/thumb/v7-m/nofp\libc_nano.a(libc_a-memset.o)
 .ARM.attributes
                0x00000000000004fd       0x2d C:/ST/STM32CubeIDE_1.13.2/STM32CubeIDE/plugins/com.st.stm32cube.ide.mcu.externaltools.gnu-tools-for-stm32.11.3.rel1.win32_1.1.1.202309131626/tools/bin/../lib/gcc/arm-none-eabi/11.3.1/../../../../arm-none-eabi/lib/thumb/v7-m/nofp\libc_nano.a(libc_a-reent.o)
 .ARM.attributes
                0x000000000000052a       0x2d C:/ST/STM32CubeIDE_1.13.2/STM32CubeIDE/plugins/com.st.stm32cube.ide.mcu.externaltools.gnu-tools-for-stm32.11.3.rel1.win32_1.1.1.202309131626/tools/bin/../lib/gcc/arm-none-eabi/11.3.1/../../../../arm-none-eabi/lib/thumb/v7-m/nofp\libc_nano.a(libc_a-impure.o)
 .ARM.attributes
                0x0000000000000557       0x2d C:/ST/STM32CubeIDE_1.13.2/STM32CubeIDE/plugins/com.st.stm32cube.ide.mcu.externaltools.gnu-tools-for-stm32.11.3.rel1.win32_1.1.1.202309131626/tools/bin/../lib/gcc/arm-none-eabi/11.3.1/../../../../arm-none-eabi/lib/thumb/v7-m/nofp\libc_nano.a(libc_a-errno.o)
 .ARM.attributes
                0x0000000000000584       0x2d C:/ST/STM32CubeIDE_1.13.2/STM32CubeIDE/plugins/com.st.stm32cube.ide.mcu.externaltools.gnu-tools-for-stm32.11.3.rel1.win32_1.1.1.202309131626/tools/bin/../lib/gcc/arm-none-eabi/11.3.1/../../../../arm-none-eabi/lib/thumb/v7-m/nofp\libc_nano.a(libc_a-init.o)
 .ARM.attributes
                0x00000000000005b1       0x2d C:/ST/STM32CubeIDE_1.13.2/STM32CubeIDE/plugins/com.st.stm32cube.ide.mcu.externaltools.gnu-tools-for-stm32.11.3.rel1.win32_1.1.1.202309131626/tools/bin/../lib/gcc/arm-none-eabi/11.3.1/../../../../arm-none-eabi/lib/thumb/v7-m/nofp\libc_nano.a(libc_a-lock.o)
 .ARM.attributes
                0x00000000000005de       0x2d C:/ST/STM32CubeIDE_1.13.2/STM32CubeIDE/plugins/com.st.stm32cube.ide.mcu.externaltools.gnu-tools-for-stm32.11.3.rel1.win32_1.1.1.202309131626/tools/bin/../lib/gcc/arm-none-eabi/11.3.1/../../../../arm-none-eabi/lib/thumb/v7-m/nofp\libc_nano.a(libc_a-memcpy-stub.o)
 .ARM.attributes
                0x000000000000060b       0x2d C:/ST/STM32CubeIDE_1.13.2/STM32CubeIDE/plugins/com.st.stm32cube.ide.mcu.externaltools.gnu-tools-for-stm32.11.3.rel1.win32_1.1.1.202309131626/tools/bin/../lib/gcc/arm-none-eabi/11.3.1/../../../../arm-none-eabi/lib/thumb/v7-m/nofp\libc_nano.a(libc_a-freer.o)
 .ARM.attributes
                0x0000000000000638       0x2d C:/ST/STM32CubeIDE_1.13.2/STM32CubeIDE/plugins/com.st.stm32cube.ide.mcu.externaltools.gnu-tools-for-stm32.11.3.rel1.win32_1.1.1.202309131626/tools/bin/../lib/gcc/arm-none-eabi/11.3.1/../../../../arm-none-eabi/lib/thumb/v7-m/nofp\libc_nano.a(libc_a-mallocr.o)
 .ARM.attributes
                0x0000000000000665       0x2d C:/ST/STM32CubeIDE_1.13.2/STM32CubeIDE/plugins/com.st.stm32cube.ide.mcu.externaltools.gnu-tools-for-stm32.11.3.rel1.win32_1.1.1.202309131626/tools/bin/../lib/gcc/arm-none-eabi/11.3.1/../../../../arm-none-eabi/lib/thumb/v7-m/nofp\libc_nano.a(libc_a-mlock.o)
 .ARM.attributes
                0x0000000000000692       0x2d C:/ST/STM32CubeIDE_1.13.2/STM32CubeIDE/plugins/com.st.stm32cube.ide.mcu.externaltools.gnu-tools-for-stm32.11.3.rel1.win32_1.1.1.202309131626/tools/bin/../lib/gcc/arm-none-eabi/11.3.1/../../../../arm-none-eabi/lib/thumb/v7-m/nofp\libc_nano.a(libc_a-nano-svfprintf.o)
 .ARM.attributes
                0x00000000000006bf       0x2d C:/ST/STM32CubeIDE_1.13.2/STM32CubeIDE/plugins/com.st.stm32cube.ide.mcu.externaltools.gnu-tools-for-stm32.11.3.rel1.win32_1.1.1.202309131626/tools/bin/../lib/gcc/arm-none-eabi/11.3.1/../../../../arm-none-eabi/lib/thumb/v7-m/nofp\libc_nano.a(libc_a-nano-vfprintf_i.o)
 .ARM.attributes
                0x00000000000006ec       0x2d C:/ST/STM32CubeIDE_1.13.2/STM32CubeIDE/plugins/com.st.stm32cube.ide.mcu.externaltools.gnu-tools-for-stm32.11.3.rel1.win32_1.1.1.202309131626/tools/bin/../lib/gcc/arm-none-eabi/11.3.1/../../../../arm-none-eabi/lib/thumb/v7-m/nofp\libc_nano.a(libc_a-memmove.o)
 .ARM.attributes
                0x0000000000000719       0x2d C:/ST/STM32CubeIDE_1.13.2/STM32CubeIDE/plugins/com.st.stm32cube.ide.mcu.externaltools.gnu-tools-for-stm32.11.3.rel1.win32_1.1.1.202309131626/tools/bin/../lib/gcc/arm-none-eabi/11.3.1/../../../../arm-none-eabi/lib/thumb/v7-m/nofp\libc_nano.a(libc_a-sbrkr.o)
 .ARM.attributes
                0x0000000000000746       0x2d C:/ST/STM32CubeIDE_1.13.2/STM32CubeIDE/plugins/com.st.stm32cube.ide.mcu.externaltools.gnu-tools-for-stm32.11.3.rel1.win32_1.1.1.202309131626/tools/bin/../lib/gcc/arm-none-eabi/11.3.1/../../../../arm-none-eabi/lib/thumb/v7-m/nofp\libc_nano.a(libc_a-memchr-stub.o)
 .ARM.attributes
                0x0000000000000773       0x2d C:/ST/STM32CubeIDE_1.13.2/STM32CubeIDE/plugins/com.st.stm32cube.ide.mcu.externaltools.gnu-tools-for-stm32.11.3.rel1.win32_1.1.1.202309131626/tools/bin/../lib/gcc/arm-none-eabi/11.3.1/../../../../arm-none-eabi/lib/thumb/v7-m/nofp\libc_nano.a(libc_a-reallocr.o)
 .ARM.attributes
                0x00000000000007a0       0x2d C:/ST/STM32CubeIDE_1.13.2/STM32CubeIDE/plugins/com.st.stm32cube.ide.mcu.externaltools.gnu-tools-for-stm32.11.3.rel1.win32_1.1.1.202309131626/tools/bin/../lib/gcc/arm-none-eabi/11.3.1/../../../../arm-none-eabi/lib/thumb/v7-m/nofp\libc_nano.a(libc_a-msizer.o)
 .ARM.attributes
                0x00000000000007cd       0x1d C:/ST/STM32CubeIDE_1.13.2/STM32CubeIDE/plugins/com.st.stm32cube.ide.mcu.externaltools.gnu-tools-for-stm32.11.3.rel1.win32_1.1.1.202309131626/tools/bin/../lib/gcc/arm-none-eabi/11.3.1/thumb/v7-m/nofp/crtn.o
OUTPUT(Tester_node.elf elf32-littlearm)
LOAD linker stubs
LOAD C:/ST/STM32CubeIDE_1.13.2/STM32CubeIDE/plugins/com.st.stm32cube.ide.mcu.externaltools.gnu-tools-for-stm32.11.3.rel1.win32_1.1.1.202309131626/tools/bin/../lib/gcc/arm-none-eabi/11.3.1/../../../../arm-none-eabi/lib/thumb/v7-m/nofp\libc.a
LOAD C:/ST/STM32CubeIDE_1.13.2/STM32CubeIDE/plugins/com.st.stm32cube.ide.mcu.externaltools.gnu-tools-for-stm32.11.3.rel1.win32_1.1.1.202309131626/tools/bin/../lib/gcc/arm-none-eabi/11.3.1/../../../../arm-none-eabi/lib/thumb/v7-m/nofp\libm.a
LOAD C:/ST/STM32CubeIDE_1.13.2/STM32CubeIDE/plugins/com.st.stm32cube.ide.mcu.externaltools.gnu-tools-for-stm32.11.3.rel1.win32_1.1.1.202309131626/tools/bin/../lib/gcc/arm-none-eabi/11.3.1/thumb/v7-m/nofp\libgcc.a

.comment        0x0000000000000000       0x43
 .comment       0x0000000000000000       0x43 C:/ST/STM32CubeIDE_1.13.2/STM32CubeIDE/plugins/com.st.stm32cube.ide.mcu.externaltools.gnu-tools-for-stm32.11.3.rel1.win32_1.1.1.202309131626/tools/bin/../lib/gcc/arm-none-eabi/11.3.1/thumb/v7-m/nofp/crtbegin.o
                                         0x44 (size before relaxing)
 .comment       0x0000000000000043       0x44 ./Core/Src/button.o
 .comment       0x0000000000000043       0x44 ./Core/Src/main.o
 .comment       0x0000000000000043       0x44 ./Core/Src/stm32f1xx_hal_msp.o
 .comment       0x0000000000000043       0x44 ./Core/Src/stm32f1xx_hal_timebase_tim.o
 .comment       0x0000000000000043       0x44 ./Core/Src/stm32f1xx_it.o
 .comment       0x0000000000000043       0x44 ./Core/Src/sysmem.o
 .comment       0x0000000000000043       0x44 ./Core/Src/system_stm32f1xx.o
 .comment       0x0000000000000043       0x44 ./Drivers/STM32F1xx_HAL_Driver/stm32f1xx_hal.o
 .comment       0x0000000000000043       0x44 ./Drivers/STM32F1xx_HAL_Driver/stm32f1xx_hal_can.o
 .comment       0x0000000000000043       0x44 ./Drivers/STM32F1xx_HAL_Driver/stm32f1xx_hal_cortex.o
 .comment       0x0000000000000043       0x44 ./Drivers/STM32F1xx_HAL_Driver/stm32f1xx_hal_dma.o
 .comment       0x0000000000000043       0x44 ./Drivers/STM32F1xx_HAL_Driver/stm32f1xx_hal_gpio.o
 .comment       0x0000000000000043       0x44 ./Drivers/STM32F1xx_HAL_Driver/stm32f1xx_hal_rcc.o
 .comment       0x0000000000000043       0x44 ./Drivers/STM32F1xx_HAL_Driver/stm32f1xx_hal_tim.o
 .comment       0x0000000000000043       0x44 ./Drivers/STM32F1xx_HAL_Driver/stm32f1xx_hal_tim_ex.o
 .comment       0x0000000000000043       0x44 ./Drivers/STM32F1xx_HAL_Driver/stm32f1xx_hal_uart.o
 .comment       0x0000000000000043       0x44 ./Middlewares/FreeRTOS/cmsis_os2.o
 .comment       0x0000000000000043       0x44 ./Middlewares/FreeRTOS/heap_4.o
 .comment       0x0000000000000043       0x44 ./Middlewares/FreeRTOS/list.o
 .comment       0x0000000000000043       0x44 ./Middlewares/FreeRTOS/port.o
 .comment       0x0000000000000043       0x44 ./Middlewares/FreeRTOS/queue.o
 .comment       0x0000000000000043       0x44 ./Middlewares/FreeRTOS/tasks.o
 .comment       0x0000000000000043       0x44 ./Middlewares/FreeRTOS/timers.o

.debug_info     0x0000000000000000    0x18311
 .debug_info    0x0000000000000000      0x35f ./Core/Src/button.o
 .debug_info    0x000000000000035f     0x1d39 ./Core/Src/main.o
 .debug_info    0x0000000000002098     0x1194 ./Core/Src/stm32f1xx_hal_msp.o
 .debug_info    0x000000000000322c      0x99a ./Core/Src/stm32f1xx_hal_timebase_tim.o
 .debug_info    0x0000000000003bc6      0xd03 ./Core/Src/stm32f1xx_it.o
 .debug_info    0x00000000000048c9      0x168 ./Core/Src/sysmem.o
 .debug_info    0x0000000000004a31      0x222 ./Core/Src/system_stm32f1xx.o
 .debug_info    0x0000000000004c53       0x23 ./Core/Startup/startup_stm32f103c8tx.o
 .debug_info    0x0000000000004c76      0x704 ./Drivers/STM32F1xx_HAL_Driver/stm32f1xx_hal.o
 .debug_info    0x000000000000537a      0xf27 ./Drivers/STM32F1xx_HAL_Driver/stm32f1xx_hal_can.o
 .debug_info    0x00000000000062a1      0xa87 ./Drivers/STM32F1xx_HAL_Driver/stm32f1xx_hal_cortex.o
 .debug_info    0x0000000000006d28      0x6d2 ./Drivers/STM32F1xx_HAL_Driver/stm32f1xx_hal_dma.o
 .debug_info    0x00000000000073fa      0x5ab ./Drivers/STM32F1xx_HAL_Driver/stm32f1xx_hal_gpio.o
 .debug_info    0x00000000000079a5      0x7d5 ./Drivers/STM32F1xx_HAL_Driver/stm32f1xx_hal_rcc.o
 .debug_info    0x000000000000817a     0x293b ./Drivers/STM32F1xx_HAL_Driver/stm32f1xx_hal_tim.o
 .debug_info    0x000000000000aab5     0x149b ./Drivers/STM32F1xx_HAL_Driver/stm32f1xx_hal_tim_ex.o
 .debug_info    0x000000000000bf50     0x2fa8 ./Drivers/STM32F1xx_HAL_Driver/stm32f1xx_hal_uart.o
 .debug_info    0x000000000000eef8     0x39bf ./Middlewares/FreeRTOS/cmsis_os2.o
 .debug_info    0x00000000000128b7      0x3c3 ./Middlewares/FreeRTOS/heap_4.o
 .debug_info    0x0000000000012c7a      0x2aa ./Middlewares/FreeRTOS/list.o
 .debug_info    0x0000000000012f24      0x494 ./Middlewares/FreeRTOS/port.o
 .debug_info    0x00000000000133b8     0x1abf ./Middlewares/FreeRTOS/queue.o
 .debug_info    0x0000000000014e77     0x20e5 ./Middlewares/FreeRTOS/tasks.o
 .debug_info    0x0000000000016f5c     0x13b5 ./Middlewares/FreeRTOS/timers.o

.debug_abbrev   0x0000000000000000     0x374e
 .debug_abbrev  0x0000000000000000      0x1b2 ./Core/Src/button.o
 .debug_abbrev  0x00000000000001b2      0x3b1 ./Core/Src/main.o
 .debug_abbrev  0x0000000000000563      0x24d ./Core/Src/stm32f1xx_hal_msp.o
 .debug_abbrev  0x00000000000007b0      0x1f3 ./Core/Src/stm32f1xx_hal_timebase_tim.o
 .debug_abbrev  0x00000000000009a3      0x1df ./Core/Src/stm32f1xx_it.o
 .debug_abbrev  0x0000000000000b82       0xbc ./Core/Src/sysmem.o
 .debug_abbrev  0x0000000000000c3e      0x13f ./Core/Src/system_stm32f1xx.o
 .debug_abbrev  0x0000000000000d7d       0x12 ./Core/Startup/startup_stm32f103c8tx.o
 .debug_abbrev  0x0000000000000d8f      0x201 ./Drivers/STM32F1xx_HAL_Driver/stm32f1xx_hal.o
 .debug_abbrev  0x0000000000000f90      0x22d ./Drivers/STM32F1xx_HAL_Driver/stm32f1xx_hal_can.o
 .debug_abbrev  0x00000000000011bd      0x2f8 ./Drivers/STM32F1xx_HAL_Driver/stm32f1xx_hal_cortex.o
 .debug_abbrev  0x00000000000014b5      0x20b ./Drivers/STM32F1xx_HAL_Driver/stm32f1xx_hal_dma.o
 .debug_abbrev  0x00000000000016c0      0x1ca ./Drivers/STM32F1xx_HAL_Driver/stm32f1xx_hal_gpio.o
 .debug_abbrev  0x000000000000188a      0x2b3 ./Drivers/STM32F1xx_HAL_Driver/stm32f1xx_hal_rcc.o
 .debug_abbrev  0x0000000000001b3d      0x277 ./Drivers/STM32F1xx_HAL_Driver/stm32f1xx_hal_tim.o
 .debug_abbrev  0x0000000000001db4      0x282 ./Drivers/STM32F1xx_HAL_Driver/stm32f1xx_hal_tim_ex.o
 .debug_abbrev  0x0000000000002036      0x2f8 ./Drivers/STM32F1xx_HAL_Driver/stm32f1xx_hal_uart.o
 .debug_abbrev  0x000000000000232e      0x433 ./Middlewares/FreeRTOS/cmsis_os2.o
 .debug_abbrev  0x0000000000002761      0x205 ./Middlewares/FreeRTOS/heap_4.o
 .debug_abbrev  0x0000000000002966       0xf5 ./Middlewares/FreeRTOS/list.o
 .debug_abbrev  0x0000000000002a5b      0x258 ./Middlewares/FreeRTOS/port.o
 .debug_abbrev  0x0000000000002cb3      0x3ce ./Middlewares/FreeRTOS/queue.o
 .debug_abbrev  0x0000000000003081      0x385 ./Middlewares/FreeRTOS/tasks.o
 .debug_abbrev  0x0000000000003406      0x348 ./Middlewares/FreeRTOS/timers.o

.debug_aranges  0x0000000000000000     0x1550
 .debug_aranges
                0x0000000000000000       0x48 ./Core/Src/button.o
 .debug_aranges
                0x0000000000000048       0x90 ./Core/Src/main.o
 .debug_aranges
                0x00000000000000d8       0x50 ./Core/Src/stm32f1xx_hal_msp.o
 .debug_aranges
                0x0000000000000128       0x30 ./Core/Src/stm32f1xx_hal_timebase_tim.o
 .debug_aranges
                0x0000000000000158       0x68 ./Core/Src/stm32f1xx_it.o
 .debug_aranges
                0x00000000000001c0       0x20 ./Core/Src/sysmem.o
 .debug_aranges
                0x00000000000001e0       0x28 ./Core/Src/system_stm32f1xx.o
 .debug_aranges
                0x0000000000000208       0x28 ./Core/Startup/startup_stm32f103c8tx.o
 .debug_aranges
                0x0000000000000230       0xe0 ./Drivers/STM32F1xx_HAL_Driver/stm32f1xx_hal.o
 .debug_aranges
                0x0000000000000310      0x138 ./Drivers/STM32F1xx_HAL_Driver/stm32f1xx_hal_can.o
 .debug_aranges
                0x0000000000000448      0x100 ./Drivers/STM32F1xx_HAL_Driver/stm32f1xx_hal_cortex.o
 .debug_aranges
                0x0000000000000548       0x80 ./Drivers/STM32F1xx_HAL_Driver/stm32f1xx_hal_dma.o
 .debug_aranges
                0x00000000000005c8       0x58 ./Drivers/STM32F1xx_HAL_Driver/stm32f1xx_hal_gpio.o
 .debug_aranges
                0x0000000000000620       0x90 ./Drivers/STM32F1xx_HAL_Driver/stm32f1xx_hal_rcc.o
 .debug_aranges
                0x00000000000006b0      0x3d0 ./Drivers/STM32F1xx_HAL_Driver/stm32f1xx_hal_tim.o
 .debug_aranges
                0x0000000000000a80      0x168 ./Drivers/STM32F1xx_HAL_Driver/stm32f1xx_hal_tim_ex.o
 .debug_aranges
                0x0000000000000be8      0x208 ./Drivers/STM32F1xx_HAL_Driver/stm32f1xx_hal_uart.o
 .debug_aranges
                0x0000000000000df0      0x228 ./Middlewares/FreeRTOS/cmsis_os2.o
 .debug_aranges
                0x0000000000001018       0x50 ./Middlewares/FreeRTOS/heap_4.o
 .debug_aranges
                0x0000000000001068       0x40 ./Middlewares/FreeRTOS/list.o
 .debug_aranges
                0x00000000000010a8       0x78 ./Middlewares/FreeRTOS/port.o
 .debug_aranges
                0x0000000000001120      0x158 ./Middlewares/FreeRTOS/queue.o
 .debug_aranges
                0x0000000000001278      0x1f8 ./Middlewares/FreeRTOS/tasks.o
 .debug_aranges
                0x0000000000001470       0xe0 ./Middlewares/FreeRTOS/timers.o

.debug_rnglists
                0x0000000000000000     0x1094
 .debug_rnglists
                0x0000000000000000       0x32 ./Core/Src/button.o
 .debug_rnglists
                0x0000000000000032       0x6c ./Core/Src/main.o
 .debug_rnglists
                0x000000000000009e       0x39 ./Core/Src/stm32f1xx_hal_msp.o
 .debug_rnglists
                0x00000000000000d7       0x20 ./Core/Src/stm32f1xx_hal_timebase_tim.o
 .debug_rnglists
                0x00000000000000f7       0x49 ./Core/Src/stm32f1xx_it.o
 .debug_rnglists
                0x0000000000000140       0x13 ./Core/Src/sysmem.o
 .debug_rnglists
                0x0000000000000153       0x1a ./Core/Src/system_stm32f1xx.o
 .debug_rnglists
                0x000000000000016d       0x19 ./Core/Startup/startup_stm32f103c8tx.o
 .debug_rnglists
                0x0000000000000186       0xa3 ./Drivers/STM32F1xx_HAL_Driver/stm32f1xx_hal.o
 .debug_rnglists
                0x0000000000000229       0xee ./Drivers/STM32F1xx_HAL_Driver/stm32f1xx_hal_can.o
 .debug_rnglists
                0x0000000000000317       0xbb ./Drivers/STM32F1xx_HAL_Driver/stm32f1xx_hal_cortex.o
 .debug_rnglists
                0x00000000000003d2       0x64 ./Drivers/STM32F1xx_HAL_Driver/stm32f1xx_hal_dma.o
 .debug_rnglists
                0x0000000000000436       0x3f ./Drivers/STM32F1xx_HAL_Driver/stm32f1xx_hal_gpio.o
 .debug_rnglists
                0x0000000000000475       0x6c ./Drivers/STM32F1xx_HAL_Driver/stm32f1xx_hal_rcc.o
 .debug_rnglists
                0x00000000000004e1      0x31a ./Drivers/STM32F1xx_HAL_Driver/stm32f1xx_hal_tim.o
 .debug_rnglists
                0x00000000000007fb      0x125 ./Drivers/STM32F1xx_HAL_Driver/stm32f1xx_hal_tim_ex.o
 .debug_rnglists
                0x0000000000000920      0x1bc ./Drivers/STM32F1xx_HAL_Driver/stm32f1xx_hal_uart.o
 .debug_rnglists
                0x0000000000000adc      0x1b4 ./Middlewares/FreeRTOS/cmsis_os2.o
 .debug_rnglists
                0x0000000000000c90       0x3b ./Middlewares/FreeRTOS/heap_4.o
 .debug_rnglists
                0x0000000000000ccb       0x2b ./Middlewares/FreeRTOS/list.o
 .debug_rnglists
                0x0000000000000cf6       0x56 ./Middlewares/FreeRTOS/port.o
 .debug_rnglists
                0x0000000000000d4c      0x109 ./Middlewares/FreeRTOS/queue.o
 .debug_rnglists
                0x0000000000000e55      0x194 ./Middlewares/FreeRTOS/tasks.o
 .debug_rnglists
                0x0000000000000fe9       0xab ./Middlewares/FreeRTOS/timers.o

.debug_macro    0x0000000000000000    0x19702
 .debug_macro   0x0000000000000000      0x1c6 ./Core/Src/button.o
 .debug_macro   0x00000000000001c6      0xa9c ./Core/Src/button.o
 .debug_macro   0x0000000000000c62      0x221 ./Core/Src/button.o
 .debug_macro   0x0000000000000e83       0x2e ./Core/Src/button.o
 .debug_macro   0x0000000000000eb1       0x22 ./Core/Src/button.o
 .debug_macro   0x0000000000000ed3       0x22 ./Core/Src/button.o
 .debug_macro   0x0000000000000ef5       0x8e ./Core/Src/button.o
 .debug_macro   0x0000000000000f83       0x51 ./Core/Src/button.o
 .debug_macro   0x0000000000000fd4      0x103 ./Core/Src/button.o
 .debug_macro   0x00000000000010d7       0x6a ./Core/Src/button.o
 .debug_macro   0x0000000000001141      0x1df ./Core/Src/button.o
 .debug_macro   0x0000000000001320       0x1c ./Core/Src/button.o
 .debug_macro   0x000000000000133c       0x22 ./Core/Src/button.o
 .debug_macro   0x000000000000135e       0xbd ./Core/Src/button.o
 .debug_macro   0x000000000000141b      0xd23 ./Core/Src/button.o
 .debug_macro   0x000000000000213e     0xe09e ./Core/Src/button.o
 .debug_macro   0x00000000000101dc       0x6d ./Core/Src/button.o
 .debug_macro   0x0000000000010249     0x348d ./Core/Src/button.o
 .debug_macro   0x00000000000136d6      0x174 ./Core/Src/button.o
 .debug_macro   0x000000000001384a       0x5c ./Core/Src/button.o
 .debug_macro   0x00000000000138a6      0x5bc ./Core/Src/button.o
 .debug_macro   0x0000000000013e62      0x289 ./Core/Src/button.o