../Core/Src/main.c:113:6:button_shortpressing_callback_500ms	16	static
../Core/Src/main.c:121:6:button_longpressing_callback_500ms	16	static
../Core/Src/main.c:128:6:HAL_CAN_RxFifo1MsgPendingCallback	16	static
../Core/Src/main.c:142:9:GetFrameType	24	static
../Core/Src/main.c:171:9:SF_N_PCI_FrameTypeHandle	16	static
../Core/Src/main.c:176:6:ReadRequest_handle	8	static
../Core/Src/main.c:190:6:ReadFirstFrame_handle	4	static
../Core/Src/main.c:195:6:ReadSingleFrame_handle	8	static
../Core/Src/main.c:205:6:ConscutiveFrameRead_handle	4	static
../Core/Src/main.c:215:5:main	48	static
../Core/Src/main.c:361:6:SystemClock_Config	72	static
../Core/Src/main.c:401:13:MX_CAN_Init	8	static
../Core/Src/main.c:438:13:MX_TIM4_Init	32	static
../Core/Src/main.c:483:13:MX_USART1_UART_Init	8	static
../Core/Src/main.c:516:13:MX_GPIO_Init	40	static
../Core/Src/main.c:548:6:HAL_TIM_PeriodElapsedCallback	16	static
../Core/Src/main.c:565:6:Error_Handler	4	static,ignoring_inline_asm
