../Core/Src/main.c:127:10:GetDID	24	static
../Core/Src/main.c:133:9:GetCANFrameSize	24	static
../Core/Src/main.c:145:9:Check_ReadRq_Validation	32	static
../Core/Src/main.c:183:9:GetFrameType	24	static
../Core/Src/main.c:211:9:GetDataLength	24	static
../Core/Src/main.c:259:9:SF_N_PCI_FrameTypeHandle	16	static
../Core/Src/main.c:263:9:SF_N_PCI_DataLenngthHandle	16	static
../Core/Src/main.c:267:6:HAL_CAN_RxFifo1MsgPendingCallback	16	static
../Core/Src/main.c:280:6:ReadRequest_handle	16	static
../Core/Src/main.c:338:5:main	48	static
../Core/Src/main.c:480:6:SystemClock_Config	72	static
../Core/Src/main.c:520:13:MX_CAN_Init	8	static
../Core/Src/main.c:557:13:MX_USART1_UART_Init	8	static
../Core/Src/main.c:590:13:MX_GPIO_Init	16	static
../Core/Src/main.c:610:6:Error_Handler	4	static,ignoring_inline_asm
