../Core/Src/main.c:171:9:GetSecurityLevel	24	static
../Core/Src/main.c:187:10:GetDID	24	static
../Core/Src/main.c:193:9:GetCANFrameSize	24	static
../Core/Src/main.c:205:9:Check_ReadRq_Validation	32	static
../Core/Src/main.c:243:9:GetFrameType	24	static
../Core/Src/main.c:271:9:GetDataLength	24	static
../Core/Src/main.c:319:9:SF_N_PCI_FrameTypeHandle	16	static
../Core/Src/main.c:323:9:SF_N_PCI_DataLenngthHandle	16	static
../Core/Src/main.c:327:6:HAL_CAN_RxFifo1MsgPendingCallback	16	static
../Core/Src/main.c:339:6:ReadRequest_handle	16	static
../Core/Src/main.c:397:5:main	48	static
../Core/Src/main.c:654:6:SystemClock_Config	72	static
../Core/Src/main.c:694:13:MX_CAN_Init	8	static
../Core/Src/main.c:731:13:MX_USART1_UART_Init	8	static
../Core/Src/main.c:764:13:MX_GPIO_Init	16	static
../Core/Src/main.c:784:6:Error_Handler	4	static,ignoring_inline_asm
